Archive member included to satisfy reference by file (symbol)

c:/vsarm/armcc/102021~1.10/bin/../lib/gcc/arm-none-eabi/10.3.1/thumb/v6-m/nofp\libgcc.a(_dvmd_tls.o)
                              CMakeFiles/modbus_v2.dir/C_/VSARM/sdk/pico/pico-sdk/src/rp2_common/pico_divider/divider.S.obj (__aeabi_idiv0)
c:/vsarm/armcc/102021~1.10/bin/../lib/gcc/arm-none-eabi/10.3.1/../../../../arm-none-eabi/lib/thumb/v6-m/nofp\libg.a(lib_a-calloc.o)
                              CMakeFiles/modbus_v2.dir/C_/VSARM/sdk/pico/pico-sdk/src/rp2_common/pico_malloc/pico_malloc.c.obj (calloc)
c:/vsarm/armcc/102021~1.10/bin/../lib/gcc/arm-none-eabi/10.3.1/../../../../arm-none-eabi/lib/thumb/v6-m/nofp\libg.a(lib_a-callocr.o)
                              c:/vsarm/armcc/102021~1.10/bin/../lib/gcc/arm-none-eabi/10.3.1/../../../../arm-none-eabi/lib/thumb/v6-m/nofp\libg.a(lib_a-calloc.o) (_calloc_r)
c:/vsarm/armcc/102021~1.10/bin/../lib/gcc/arm-none-eabi/10.3.1/../../../../arm-none-eabi/lib/thumb/v6-m/nofp\libg.a(lib_a-errno.o)
                              c:/vsarm/armcc/102021~1.10/bin/../lib/gcc/arm-none-eabi/10.3.1/../../../../arm-none-eabi/lib/thumb/v6-m/nofp\libg.a(lib_a-callocr.o) (__errno)
c:/vsarm/armcc/102021~1.10/bin/../lib/gcc/arm-none-eabi/10.3.1/../../../../arm-none-eabi/lib/thumb/v6-m/nofp\libg.a(lib_a-impure.o)
                              c:/vsarm/armcc/102021~1.10/bin/../lib/gcc/arm-none-eabi/10.3.1/../../../../arm-none-eabi/lib/thumb/v6-m/nofp\libg.a(lib_a-calloc.o) (_impure_ptr)
c:/vsarm/armcc/102021~1.10/bin/../lib/gcc/arm-none-eabi/10.3.1/../../../../arm-none-eabi/lib/thumb/v6-m/nofp\libg.a(lib_a-init.o)
                              c:/vsarm/armcc/102021~1.10/bin/../lib/gcc/arm-none-eabi/10.3.1/../../../../arm-none-eabi/lib/thumb/v6-m/nofp/crt0.o (__libc_init_array)
c:/vsarm/armcc/102021~1.10/bin/../lib/gcc/arm-none-eabi/10.3.1/../../../../arm-none-eabi/lib/thumb/v6-m/nofp\libg.a(lib_a-malloc.o)
                              CMakeFiles/modbus_v2.dir/C_/VSARM/sdk/pico/pico-sdk/src/rp2_common/pico_malloc/pico_malloc.c.obj (malloc)
c:/vsarm/armcc/102021~1.10/bin/../lib/gcc/arm-none-eabi/10.3.1/../../../../arm-none-eabi/lib/thumb/v6-m/nofp\libg.a(lib_a-mallocr.o)
                              c:/vsarm/armcc/102021~1.10/bin/../lib/gcc/arm-none-eabi/10.3.1/../../../../arm-none-eabi/lib/thumb/v6-m/nofp\libg.a(lib_a-callocr.o) (_malloc_r)
c:/vsarm/armcc/102021~1.10/bin/../lib/gcc/arm-none-eabi/10.3.1/../../../../arm-none-eabi/lib/thumb/v6-m/nofp\libg.a(lib_a-memcmp.o)
                              CMakeFiles/modbus_v2.dir/modbus.cpp.obj (memcmp)
c:/vsarm/armcc/102021~1.10/bin/../lib/gcc/arm-none-eabi/10.3.1/../../../../arm-none-eabi/lib/thumb/v6-m/nofp\libg.a(lib_a-mlock.o)
                              c:/vsarm/armcc/102021~1.10/bin/../lib/gcc/arm-none-eabi/10.3.1/../../../../arm-none-eabi/lib/thumb/v6-m/nofp\libg.a(lib_a-mallocr.o) (__malloc_lock)
c:/vsarm/armcc/102021~1.10/bin/../lib/gcc/arm-none-eabi/10.3.1/../../../../arm-none-eabi/lib/thumb/v6-m/nofp\libg.a(lib_a-realloc.o)
                              CMakeFiles/modbus_v2.dir/C_/VSARM/sdk/pico/pico-sdk/src/rp2_common/pico_malloc/pico_malloc.c.obj (realloc)
c:/vsarm/armcc/102021~1.10/bin/../lib/gcc/arm-none-eabi/10.3.1/../../../../arm-none-eabi/lib/thumb/v6-m/nofp\libg.a(lib_a-reallocr.o)
                              c:/vsarm/armcc/102021~1.10/bin/../lib/gcc/arm-none-eabi/10.3.1/../../../../arm-none-eabi/lib/thumb/v6-m/nofp\libg.a(lib_a-realloc.o) (_realloc_r)
c:/vsarm/armcc/102021~1.10/bin/../lib/gcc/arm-none-eabi/10.3.1/../../../../arm-none-eabi/lib/thumb/v6-m/nofp\libg.a(lib_a-sbrkr.o)
                              c:/vsarm/armcc/102021~1.10/bin/../lib/gcc/arm-none-eabi/10.3.1/../../../../arm-none-eabi/lib/thumb/v6-m/nofp\libg.a(lib_a-mallocr.o) (_sbrk_r)
c:/vsarm/armcc/102021~1.10/bin/../lib/gcc/arm-none-eabi/10.3.1/../../../../arm-none-eabi/lib/thumb/v6-m/nofp\libg.a(lib_a-strlen-stub.o)
                              CMakeFiles/modbus_v2.dir/C_/VSARM/sdk/pico/pico-sdk/src/rp2_common/pico_stdio/stdio.c.obj (strlen)
c:/vsarm/armcc/102021~1.10/bin/../lib/gcc/arm-none-eabi/10.3.1/../../../../arm-none-eabi/lib/thumb/v6-m/nofp\libg.a(lib_a-freer.o)
                              c:/vsarm/armcc/102021~1.10/bin/../lib/gcc/arm-none-eabi/10.3.1/../../../../arm-none-eabi/lib/thumb/v6-m/nofp\libg.a(lib_a-malloc.o) (_free_r)
c:/vsarm/armcc/102021~1.10/bin/../lib/gcc/arm-none-eabi/10.3.1/../../../../arm-none-eabi/lib/thumb/v6-m/nofp\libg.a(lib_a-lock.o)
                              c:/vsarm/armcc/102021~1.10/bin/../lib/gcc/arm-none-eabi/10.3.1/../../../../arm-none-eabi/lib/thumb/v6-m/nofp\libg.a(lib_a-mlock.o) (__retarget_lock_acquire_recursive)
c:/vsarm/armcc/102021~1.10/bin/../lib/gcc/arm-none-eabi/10.3.1/../../../../arm-none-eabi/lib/thumb/v6-m/nofp\libg.a(lib_a-memmove.o)
                              c:/vsarm/armcc/102021~1.10/bin/../lib/gcc/arm-none-eabi/10.3.1/../../../../arm-none-eabi/lib/thumb/v6-m/nofp\libg.a(lib_a-reallocr.o) (memmove)
[...]
Memory Configuration

Name             Origin             Length             Attributes
FLASH            0x10000000         0x00200000         xr
RAM              0x20000000         0x00040000         xrw
SCRATCH_X        0x20040000         0x00001000         xrw
SCRATCH_Y        0x20041000         0x00001000         xrw
*default*        0x00000000         0xffffffff

Linker script and memory map

LOAD c:/vsarm/armcc/102021~1.10/bin/../lib/gcc/arm-none-eabi/10.3.1/thumb/v6-m/nofp/crti.o
LOAD c:/vsarm/armcc/102021~1.10/bin/../lib/gcc/arm-none-eabi/10.3.1/thumb/v6-m/nofp/crtbegin.o
LOAD c:/vsarm/armcc/102021~1.10/bin/../lib/gcc/arm-none-eabi/10.3.1/../../../../arm-none-eabi/lib/thumb/v6-m/nofp/crt0.o

.flash_begin    0x10000000        0x0
                0x10000000                __flash_binary_start = .

.boot2          0x10000000      0x100
                0x10000000                __boot2_start__ = .
 *(.boot2)
 .boot2         0x10000000      0x100 C:\Users\vodg\AppData\Local\Temp\ccU4XjAH.o
                0x10000100                __boot2_end__ = .
                0x00000001                ASSERT (((__boot2_end__ - __boot2_start__) == 0x100), ERROR: Pico second stage bootloader must be 256 bytes in size)

.text           0x10000100     0x4508
                0x10000100                __logical_binary_start = .
 *(.vectors)
 .vectors       0x10000100       0xd4 CMakeFiles/modbus_v2.dir/C_/VSARM/sdk/pico/pico-sdk/src/rp2_common/pico_standard_link/crt0.S.obj
                0x10000100                __VECTOR_TABLE
                0x10000100                __vectors
                0x100001c0                isr_invalid
                0x100001c0                __default_isrs_start
                0x100001c2                isr_nmi
                0x100001c4                isr_hardfault
                0x100001c6                isr_svcall
                0x100001c8                isr_pendsv
                0x100001ca                isr_systick
                0x100001cc                isr_irq23
                0x100001cc                isr_irq18
                0x100001cc                isr_irq11
                0x100001cc                isr_irq28
                0x100001cc                isr_irq19
                0x100001cc                isr_irq0
                0x100001cc                isr_irq6
                0x100001cc                isr_irq5
                0x100001cc                isr_irq12
                0x100001cc                isr_irq22
                0x100001cc                isr_irq31
                0x100001cc                isr_irq17
                0x100001cc                isr_irq27
                0x100001cc                isr_irq30
                0x100001cc                isr_irq2
                0x100001cc                isr_irq10
                0x100001cc                isr_irq8
                0x100001cc                isr_irq24
                0x100001cc                isr_irq1
                0x100001cc                isr_irq7
                0x100001cc                isr_irq21
                0x100001cc                isr_irq20
                0x100001cc                isr_irq15
                0x100001cc                isr_irq25
                0x100001cc                isr_irq13
                0x100001cc                __unhandled_user_irq
                0x100001cc                isr_irq4
                0x100001cc                isr_irq16
                0x100001cc                isr_irq29
                0x100001cc                isr_irq26
                0x100001cc                __default_isrs_end
                0x100001cc                isr_irq3
                0x100001cc                isr_irq14
                0x100001cc                isr_irq9
                0x100001d2                unhandled_user_irq_num_in_r0
 *(.binary_info_header)
 .binary_info_header
                0x100001d4       0x14 CMakeFiles/modbus_v2.dir/C_/VSARM/sdk/pico/pico-sdk/src/rp2_common/pico_standard_link/crt0.S.obj
                0x100001e8                __binary_info_header_end = .
 *(.reset)
 .reset         0x100001e8       0xa8 CMakeFiles/modbus_v2.dir/C_/VSARM/sdk/pico/pico-sdk/src/rp2_common/pico_standard_link/crt0.S.obj
                0x100001e8                _entry_point
                0x10000266                __get_current_exception
 .reset         0x10000290       0x30 CMakeFiles/modbus_v2.dir/C_/VSARM/sdk/pico/pico-sdk/src/rp2_common/pico_standard_link/binary_info.c.obj
 *(.init)
 .init          0x100002c0        0x4 c:/vsarm/armcc/102021~1.10/bin/../lib/gcc/arm-none-eabi/10.3.1/thumb/v6-m/nofp/crti.o
                0x100002c0                _init
 *(EXCLUDE_FILE(*libm.a: *libc.a:*lib_a-mem*.o *libgcc.a:) .text*)
 .text          0x100002c4       0x48 c:/vsarm/armcc/102021~1.10/bin/../lib/gcc/arm-none-eabi/10.3.1/thumb/v6-m/nofp/crtbegin.o
 .text._Z8on_mb_rxv
                0x1000030c       0x34 CMakeFiles/modbus_v2.dir/main.cpp.obj
                0x1000030c                on_mb_rx()
 .text._Z5mb_txPhm
                0x10000340       0x3c CMakeFiles/modbus_v2.dir/main.cpp.obj
                0x10000340                mb_tx(unsigned char*, unsigned long)
 .text._Z5setupv
                0x1000037c       0x90 CMakeFiles/modbus_v2.dir/main.cpp.obj
                0x1000037c                setup()
 .text.main     0x1000040c       0x54 CMakeFiles/modbus_v2.dir/main.cpp.obj
                0x1000040c                main
 .text._ZL13mb_calc_crc16PKhh
                0x10000460       0x40 CMakeFiles/modbus_v2.dir/modbus.cpp.obj
 .text._ZL12mb_check_bufv
                0x100004a0       0x68 CMakeFiles/modbus_v2.dir/modbus.cpp.obj
 .text._ZL24mb_read_holding_registertPt
                0x10000508       0x98 CMakeFiles/modbus_v2.dir/modbus.cpp.obj
 .text._ZL12mb_reset_bufv
                0x100005a0       0x1c CMakeFiles/modbus_v2.dir/modbus.cpp.obj
 .text._ZL14mb_response_txv
                0x100005bc       0x30 CMakeFiles/modbus_v2.dir/modbus.cpp.obj
 .text._ZL8mb_errorh
                0x100005ec       0x40 CMakeFiles/modbus_v2.dir/modbus.cpp.obj
 .text._Z19mb_read_coil_statustt
                0x1000062c        0x4 CMakeFiles/modbus_v2.dir/modbus.cpp.obj
                0x1000062c                mb_read_coil_status(unsigned short, unsigned short)
 .text._Z20mb_read_input_statustt
                0x10000630        0x4 CMakeFiles/modbus_v2.dir/modbus.cpp.obj
                0x10000630                mb_read_input_status(unsigned short, unsigned short)
 .text._Z23mb_read_input_registerstt
                0x10000634        0x4 CMakeFiles/modbus_v2.dir/modbus.cpp.obj
                0x10000634                mb_read_input_registers(unsigned short, unsigned short)
 .text._Z20mb_write_single_coiltt
                0x10000638        0x4 CMakeFiles/modbus_v2.dir/modbus.cpp.obj
                0x10000638                mb_write_single_coil(unsigned short, unsigned short)
 .text._Z23mb_write_multiple_coilstPht
                0x1000063c        0x4 CMakeFiles/modbus_v2.dir/modbus.cpp.obj
                0x1000063c                mb_write_multiple_coils(unsigned short, unsigned char*, unsigned short)
 .text._Z27mb_write_multiple_registerstPtt
                0x10000640        0x4 CMakeFiles/modbus_v2.dir/modbus.cpp.obj
                0x10000640                mb_write_multiple_registers(unsigned short, unsigned short*, unsigned short)
 .text._Z15mb_response_addt
                0x10000644       0x28 CMakeFiles/modbus_v2.dir/modbus.cpp.obj
                0x10000644                mb_response_add(unsigned short)
 .text._Z31mb_response_add_single_registert
                0x1000066c       0x24 CMakeFiles/modbus_v2.dir/modbus.cpp.obj
                0x1000066c                mb_response_add_single_register(unsigned short)
 .text._Z17mb_response_reseth
                0x10000690       0x30 CMakeFiles/modbus_v2.dir/modbus.cpp.obj
                0x10000690                mb_response_reset(unsigned char)
 .text._Z7mb_inith
                0x100006c0       0x10 CMakeFiles/modbus_v2.dir/modbus.cpp.obj
                0x100006c0                mb_init(unsigned char)
 .text._Z24mb_write_single_registertt
                0x100006d0       0x4c CMakeFiles/modbus_v2.dir/modbus.cpp.obj
                0x100006d0                mb_write_single_register(unsigned short, unsigned short)
 .text._Z25mb_read_holding_registerstt
                0x1000071c       0x34 CMakeFiles/modbus_v2.dir/modbus.cpp.obj
                0x1000071c                mb_read_holding_registers(unsigned short, unsigned short)
 .text._ZL9mb_rx_rtuv
                0x10000750      0x150 CMakeFiles/modbus_v2.dir/modbus.cpp.obj
 .text._Z10mb_processv
                0x100008a0       0x26 CMakeFiles/modbus_v2.dir/modbus.cpp.obj
                0x100008a0                mb_process()
 .text._Z14mb_get_tick_msv
                0x100008c6       0x12 CMakeFiles/modbus_v2.dir/modbus.cpp.obj
                0x100008c6                mb_get_tick_ms()
 .text._Z5mb_rxh
                0x100008d8       0x40 CMakeFiles/modbus_v2.dir/modbus.cpp.obj
                0x100008d8                mb_rx(unsigned char)
 .text.gpio_set_function
                0x10000918       0x30 CMakeFiles/modbus_v2.dir/C_/VSARM/sdk/pico/pico-sdk/src/rp2_common/hardware_gpio/gpio.c.obj
                0x10000918                gpio_set_function
 .text.gpio_init
                0x10000948       0x16 CMakeFiles/modbus_v2.dir/C_/VSARM/sdk/pico/pico-sdk/src/rp2_common/hardware_gpio/gpio.c.obj
                0x10000948                gpio_init
 *fill*         0x1000095e        0x2 
 .text.hw_claim_lock
                0x10000960       0x18 CMakeFiles/modbus_v2.dir/C_/VSARM/sdk/pico/pico-sdk/src/rp2_common/hardware_claim/claim.c.obj
                0x10000960                hw_claim_lock
 .text.hw_claim_unlock
                0x10000978       0x14 CMakeFiles/modbus_v2.dir/C_/VSARM/sdk/pico/pico-sdk/src/rp2_common/hardware_claim/claim.c.obj
                0x10000978                hw_claim_unlock
 .text.hw_claim_or_assert
                0x1000098c       0x32 CMakeFiles/modbus_v2.dir/C_/VSARM/sdk/pico/pico-sdk/src/rp2_common/hardware_claim/claim.c.obj
                0x1000098c                hw_claim_or_assert
 *fill*         0x100009be        0x2 
 .text.running_on_fpga
                0x100009c0       0x14 CMakeFiles/modbus_v2.dir/C_/VSARM/sdk/pico/pico-sdk/src/rp2_common/pico_platform/platform.c.obj
                0x100009c0                running_on_fpga
 .text.spin_locks_reset
                0x100009d4       0x20 CMakeFiles/modbus_v2.dir/C_/VSARM/sdk/pico/pico-sdk/src/rp2_common/hardware_sync/sync.c.obj
                0x100009d4                spin_locks_reset
 .text.next_striped_spin_lock_num
                0x100009f4       0x1c CMakeFiles/modbus_v2.dir/C_/VSARM/sdk/pico/pico-sdk/src/rp2_common/hardware_sync/sync.c.obj
                0x100009f4                next_striped_spin_lock_num
 .text.set_raw_irq_handler_and_unlock
                0x10000a10       0x28 CMakeFiles/modbus_v2.dir/C_/VSARM/sdk/pico/pico-sdk/src/rp2_common/hardware_irq/irq.c.obj
 .text.make_branch
                0x10000a38       0x48 CMakeFiles/modbus_v2.dir/C_/VSARM/sdk/pico/pico-sdk/src/rp2_common/hardware_irq/irq.c.obj
 .text.insert_branch_and_link
                0x10000a80       0x40 CMakeFiles/modbus_v2.dir/C_/VSARM/sdk/pico/pico-sdk/src/rp2_common/hardware_irq/irq.c.obj
 .text.irq_is_enabled
                0x10000ac0       0x18 CMakeFiles/modbus_v2.dir/C_/VSARM/sdk/pico/pico-sdk/src/rp2_common/hardware_irq/irq.c.obj
                0x10000ac0                irq_is_enabled
 .text.irq_set_mask_enabled
                0x10000ad8       0x20 CMakeFiles/modbus_v2.dir/C_/VSARM/sdk/pico/pico-sdk/src/rp2_common/hardware_irq/irq.c.obj
                0x10000ad8                irq_set_mask_enabled
 .text.irq_set_enabled
                0x10000af8        0xe CMakeFiles/modbus_v2.dir/C_/VSARM/sdk/pico/pico-sdk/src/rp2_common/hardware_irq/irq.c.obj
                0x10000af8                irq_set_enabled
 *fill*         0x10000b06        0x2 
 .text.irq_get_vtable_handler
                0x10000b08       0x10 CMakeFiles/modbus_v2.dir/C_/VSARM/sdk/pico/pico-sdk/src/rp2_common/hardware_irq/irq.c.obj
                0x10000b08                irq_get_vtable_handler
 .text.irq_set_exclusive_handler
                0x10000b18       0x54 CMakeFiles/modbus_v2.dir/C_/VSARM/sdk/pico/pico-sdk/src/rp2_common/hardware_irq/irq.c.obj
                0x10000b18                irq_set_exclusive_handler
 .text.irq_remove_handler
                0x10000b6c      0x1a8 CMakeFiles/modbus_v2.dir/C_/VSARM/sdk/pico/pico-sdk/src/rp2_common/hardware_irq/irq.c.obj
                0x10000b6c                irq_remove_handler
 .text.irq_add_tail_to_free_list
                0x10000d14       0xf0 CMakeFiles/modbus_v2.dir/C_/VSARM/sdk/pico/pico-sdk/src/rp2_common/hardware_irq/irq.c.obj
                0x10000d14                irq_add_tail_to_free_list
 .text.irq_init_priorities
                0x10000e04       0x1c CMakeFiles/modbus_v2.dir/C_/VSARM/sdk/pico/pico-sdk/src/rp2_common/hardware_irq/irq.c.obj
                0x10000e04                irq_init_priorities
 .text.lock_init
                0x10000e20       0x10 CMakeFiles/modbus_v2.dir/C_/VSARM/sdk/pico/pico-sdk/src/common/pico_sync/lock_core.c.obj
                0x10000e20                lock_init
 .text.alarm_pool_post_alloc_init
                0x10000e30       0x40 CMakeFiles/modbus_v2.dir/C_/VSARM/sdk/pico/pico-sdk/src/common/pico_time/time.c.obj
 .text.timer_pool_entry_comparator
                0x10000e70       0x7c CMakeFiles/modbus_v2.dir/C_/VSARM/sdk/pico/pico-sdk/src/common/pico_time/time.c.obj
                0x10000e70                timer_pool_entry_comparator
 .text.ph_add_child_node
                0x10000eec       0xa4 CMakeFiles/modbus_v2.dir/C_/VSARM/sdk/pico/pico-sdk/src/common/pico_time/time.c.obj
 .text.ph_merge_nodes
                0x10000f90       0x3e CMakeFiles/modbus_v2.dir/C_/VSARM/sdk/pico/pico-sdk/src/common/pico_time/time.c.obj
 *fill*         0x10000fce        0x2 
 .text.add_alarm_under_lock
                0x10000fd0      0x174 CMakeFiles/modbus_v2.dir/C_/VSARM/sdk/pico/pico-sdk/src/common/pico_time/time.c.obj
 .text.alarm_pool_alarm_callback
                0x10001144      0x328 CMakeFiles/modbus_v2.dir/C_/VSARM/sdk/pico/pico-sdk/src/common/pico_time/time.c.obj
 .text.alarm_pool_init_default
                0x1000146c       0x38 CMakeFiles/modbus_v2.dir/C_/VSARM/sdk/pico/pico-sdk/src/common/pico_time/time.c.obj
                0x1000146c                alarm_pool_init_default
 .text.hardware_alarm_irq_handler
                0x100014a4       0x8c CMakeFiles/modbus_v2.dir/C_/VSARM/sdk/pico/pico-sdk/src/rp2_common/hardware_timer/timer.c.obj
 .text.hardware_alarm_claim
                0x10001530       0x18 CMakeFiles/modbus_v2.dir/C_/VSARM/sdk/pico/pico-sdk/src/rp2_common/hardware_timer/timer.c.obj
                0x10001530                hardware_alarm_claim
 .text.time_us_64
                0x10001548       0x18 CMakeFiles/modbus_v2.dir/C_/VSARM/sdk/pico/pico-sdk/src/rp2_common/hardware_timer/timer.c.obj
                0x10001548                time_us_64
 .text.hardware_alarm_set_callback
                0x10001560       0x90 CMakeFiles/modbus_v2.dir/C_/VSARM/sdk/pico/pico-sdk/src/rp2_common/hardware_timer/timer.c.obj
                0x10001560                hardware_alarm_set_callback
 .text.hardware_alarm_set_target
                0x100015f0       0xe8 CMakeFiles/modbus_v2.dir/C_/VSARM/sdk/pico/pico-sdk/src/rp2_common/hardware_timer/timer.c.obj
                0x100015f0                hardware_alarm_set_target
 .text.hardware_alarm_cancel
                0x100016d8       0x40 CMakeFiles/modbus_v2.dir/C_/VSARM/sdk/pico/pico-sdk/src/rp2_common/hardware_timer/timer.c.obj
                0x100016d8                hardware_alarm_cancel
 .text.ph_add_child_node
                0x10001718       0xa4 CMakeFiles/modbus_v2.dir/C_/VSARM/sdk/pico/pico-sdk/src/common/pico_util/pheap.c.obj
 .text.ph_merge_nodes
                0x100017bc       0x3e CMakeFiles/modbus_v2.dir/C_/VSARM/sdk/pico/pico-sdk/src/common/pico_util/pheap.c.obj
 *fill*         0x100017fa        0x2 
 .text.ph_clear
                0x100017fc       0x70 CMakeFiles/modbus_v2.dir/C_/VSARM/sdk/pico/pico-sdk/src/common/pico_util/pheap.c.obj
                0x100017fc                ph_clear
 .text.ph_post_alloc_init
                0x1000186c        0xe CMakeFiles/modbus_v2.dir/C_/VSARM/sdk/pico/pico-sdk/src/common/pico_util/pheap.c.obj
                0x1000186c                ph_post_alloc_init
 *fill*         0x1000187a        0x2 
 .text.ph_merge_two_pass
                0x1000187c       0xa8 CMakeFiles/modbus_v2.dir/C_/VSARM/sdk/pico/pico-sdk/src/common/pico_util/pheap.c.obj
                0x1000187c                ph_merge_two_pass
 .text.ph_remove_any_head
                0x10001924      0x108 CMakeFiles/modbus_v2.dir/C_/VSARM/sdk/pico/pico-sdk/src/common/pico_util/pheap.c.obj
 .text.ph_remove_head
                0x10001a2c       0x14 CMakeFiles/modbus_v2.dir/C_/VSARM/sdk/pico/pico-sdk/src/common/pico_util/pheap.c.obj
                0x10001a2c                ph_remove_head
 .text.ph_remove_and_free_node
                0x10001a40       0xf8 CMakeFiles/modbus_v2.dir/C_/VSARM/sdk/pico/pico-sdk/src/common/pico_util/pheap.c.obj
                0x10001a40                ph_remove_and_free_node
 .text.mutex_init
                0x10001b38       0x1a CMakeFiles/modbus_v2.dir/C_/VSARM/sdk/pico/pico-sdk/src/common/pico_sync/mutex.c.obj
                0x10001b38                mutex_init
 .text.recursive_mutex_init
                0x10001b52       0x1e CMakeFiles/modbus_v2.dir/C_/VSARM/sdk/pico/pico-sdk/src/common/pico_sync/mutex.c.obj
                0x10001b52                recursive_mutex_init
 .text.uart_set_baudrate
                0x10001b70       0x5c CMakeFiles/modbus_v2.dir/C_/VSARM/sdk/pico/pico-sdk/src/rp2_common/hardware_uart/uart.c.obj
                0x10001b70                uart_set_baudrate
 .text.uart_set_translate_crlf
                0x10001bcc       0x28 CMakeFiles/modbus_v2.dir/C_/VSARM/sdk/pico/pico-sdk/src/rp2_common/hardware_uart/uart.c.obj
                0x10001bcc                uart_set_translate_crlf
 .text.uart_init
                0x10001bf4       0x80 CMakeFiles/modbus_v2.dir/C_/VSARM/sdk/pico/pico-sdk/src/rp2_common/hardware_uart/uart.c.obj
                0x10001bf4                uart_init
 .text._exit    0x10001c74        0x4 CMakeFiles/modbus_v2.dir/C_/VSARM/sdk/pico/pico-sdk/src/rp2_common/pico_runtime/runtime.c.obj
                0x10001c74                _exit
 .text.exit     0x10001c78        0x6 CMakeFiles/modbus_v2.dir/C_/VSARM/sdk/pico/pico-sdk/src/rp2_common/pico_runtime/runtime.c.obj
                0x10001c78                exit
 *fill*         0x10001c7e        0x2 
 .text.__assert_func
                0x10001c80       0x3c CMakeFiles/modbus_v2.dir/C_/VSARM/sdk/pico/pico-sdk/src/rp2_common/pico_runtime/runtime.c.obj
                0x10001c80                __assert_func
 .text.runtime_init
                0x10001cbc       0xf8 CMakeFiles/modbus_v2.dir/C_/VSARM/sdk/pico/pico-sdk/src/rp2_common/pico_runtime/runtime.c.obj
                0x10001cbc                runtime_init
 .text.panic    0x10001db4       0x30 CMakeFiles/modbus_v2.dir/C_/VSARM/sdk/pico/pico-sdk/src/rp2_common/pico_runtime/runtime.c.obj
                0x10001db4                panic
 .text.clock_configure
                0x10001de4      0x104 CMakeFiles/modbus_v2.dir/C_/VSARM/sdk/pico/pico-sdk/src/rp2_common/hardware_clocks/clocks.c.obj
                0x10001de4                clock_configure
 .text.clocks_init
                0x10001ee8      0x100 CMakeFiles/modbus_v2.dir/C_/VSARM/sdk/pico/pico-sdk/src/rp2_common/hardware_clocks/clocks.c.obj
                0x10001ee8                clocks_init
 .text.clock_get_hz
                0x10001fe8        0xc CMakeFiles/modbus_v2.dir/C_/VSARM/sdk/pico/pico-sdk/src/rp2_common/hardware_clocks/clocks.c.obj
                0x10001fe8                clock_get_hz
 .text.pll_init
                0x10001ff4      0x140 CMakeFiles/modbus_v2.dir/C_/VSARM/sdk/pico/pico-sdk/src/rp2_common/hardware_pll/pll.c.obj
                0x10001ff4                pll_init
 .text.watchdog_start_tick
                0x10002134       0x10 CMakeFiles/modbus_v2.dir/C_/VSARM/sdk/pico/pico-sdk/src/rp2_common/hardware_watchdog/watchdog.c.obj
                0x10002134                watchdog_start_tick
 .text.xosc_init
                0x10002144       0x28 CMakeFiles/modbus_v2.dir/C_/VSARM/sdk/pico/pico-sdk/src/rp2_common/hardware_xosc/xosc.c.obj
                0x10002144                xosc_init
 .text._out_null
                0x1000216c        0x2 CMakeFiles/modbus_v2.dir/C_/VSARM/sdk/pico/pico-sdk/src/rp2_common/pico_printf/printf.c.obj
 .text._out_fct
                0x1000216e        0xe CMakeFiles/modbus_v2.dir/C_/VSARM/sdk/pico/pico-sdk/src/rp2_common/pico_printf/printf.c.obj
 .text._atoi    0x1000217c       0x24 CMakeFiles/modbus_v2.dir/C_/VSARM/sdk/pico/pico-sdk/src/rp2_common/pico_printf/printf.c.obj
 .text._out_rev
                0x100021a0       0xae CMakeFiles/modbus_v2.dir/C_/VSARM/sdk/pico/pico-sdk/src/rp2_common/pico_printf/printf.c.obj
 .text._ntoa_format
                0x1000224e      0x112 CMakeFiles/modbus_v2.dir/C_/VSARM/sdk/pico/pico-sdk/src/rp2_common/pico_printf/printf.c.obj
 .text._ntoa_long
                0x10002360       0xbc CMakeFiles/modbus_v2.dir/C_/VSARM/sdk/pico/pico-sdk/src/rp2_common/pico_printf/printf.c.obj
 .text._ntoa_long_long
                0x1000241c       0xe2 CMakeFiles/modbus_v2.dir/C_/VSARM/sdk/pico/pico-sdk/src/rp2_common/pico_printf/printf.c.obj
 *fill*         0x100024fe        0x2 
 .text._etoa    0x10002500      0x414 CMakeFiles/modbus_v2.dir/C_/VSARM/sdk/pico/pico-sdk/src/rp2_common/pico_printf/printf.c.obj
 .text._ftoa    0x10002914      0x354 CMakeFiles/modbus_v2.dir/C_/VSARM/sdk/pico/pico-sdk/src/rp2_common/pico_printf/printf.c.obj
 .text._vsnprintf
                0x10002c68      0x624 CMakeFiles/modbus_v2.dir/C_/VSARM/sdk/pico/pico-sdk/src/rp2_common/pico_printf/printf.c.obj
 .text.vfctprintf
                0x1000328c       0x20 CMakeFiles/modbus_v2.dir/C_/VSARM/sdk/pico/pico-sdk/src/rp2_common/pico_printf/printf.c.obj
                0x1000328c                vfctprintf
 .text          0x100032ac       0x10 CMakeFiles/modbus_v2.dir/C_/VSARM/sdk/pico/pico-sdk/src/rp2_common/pico_bit_ops/bit_ops_aeabi.S.obj
 .text.rom_func_lookup
                0x100032bc       0x10 CMakeFiles/modbus_v2.dir/C_/VSARM/sdk/pico/pico-sdk/src/rp2_common/pico_bootrom/bootrom.c.obj
                0x100032bc                rom_func_lookup
 .text.rom_data_lookup
                0x100032cc       0x10 CMakeFiles/modbus_v2.dir/C_/VSARM/sdk/pico/pico-sdk/src/rp2_common/pico_bootrom/bootrom.c.obj
                0x100032cc                rom_data_lookup
 .text.rom_funcs_lookup
                0x100032dc       0x36 CMakeFiles/modbus_v2.dir/C_/VSARM/sdk/pico/pico-sdk/src/rp2_common/pico_bootrom/bootrom.c.obj
                0x100032dc                rom_funcs_lookup
 *fill*         0x10003312        0x2 
 .text.__wrap___aeabi_idiv
                0x10003314       0x50 CMakeFiles/modbus_v2.dir/C_/VSARM/sdk/pico/pico-sdk/src/rp2_common/pico_divider/divider.S.obj
                0x10003314                __wrap___aeabi_idivmod
                0x10003314                divmod_s32s32
                0x10003314                div_s32s32
                0x10003314                __wrap___aeabi_idiv
                0x1000331c                divmod_s32s32_unsafe
                0x10003348                divmod_s32s32_savestate
 .text.__wrap___aeabi_uidiv
                0x10003364       0x4c CMakeFiles/modbus_v2.dir/C_/VSARM/sdk/pico/pico-sdk/src/rp2_common/pico_divider/divider.S.obj
                0x10003364                __wrap___aeabi_uidiv
                0x10003364                __wrap___aeabi_uidivmod
                0x10003364                div_u32u32
                0x10003364                divmod_u32u32
                0x1000336c                divmod_u32u32_unsafe
                0x10003394                divmod_u32u32_savestate
 .text.__wrap___aeabi_ldiv
                0x100033b0      0x434 CMakeFiles/modbus_v2.dir/C_/VSARM/sdk/pico/pico-sdk/src/rp2_common/pico_divider/divider.S.obj
                0x100033b0                div_s64s64
                0x100033b0                divmod_s64s64
                0x100033b0                __wrap___aeabi_ldivmod
                0x100033e8                divmod_u64u64
                0x100033e8                div_u64u64
                0x100033e8                __wrap___aeabi_uldivmod
                0x100033f8                divmod_u64u64_savestate
                0x10003420                divmod_s64s64_unsafe
                0x100034a8                divmod_u64u64_unsafe
 .text.__wrap___aeabi_darithmetic
                0x100037e4       0x80 CMakeFiles/modbus_v2.dir/C_/VSARM/sdk/pico/pico-sdk/src/rp2_common/pico_double/double_aeabi.S.obj
                0x100037e4                __wrap___aeabi_drsub
                0x100037ea                __wrap___aeabi_dsub
                0x100037fc                __wrap___aeabi_dadd
                0x1000380e                __wrap___aeabi_ddiv
                0x1000384a                __wrap___aeabi_dmul
 .text.__wrap___aeabi_cdcmple
                0x10003864       0x6c CMakeFiles/modbus_v2.dir/C_/VSARM/sdk/pico/pico-sdk/src/rp2_common/pico_double/double_aeabi.S.obj
                0x10003864                __wrap___aeabi_cdrcmple
                0x10003874                __wrap___aeabi_cdcmpeq
                0x10003874                __wrap___aeabi_cdcmple
 .text.__wrap___aeabi_dcmplt
                0x100038d0        0xc CMakeFiles/modbus_v2.dir/C_/VSARM/sdk/pico/pico-sdk/src/rp2_common/pico_double/double_aeabi.S.obj
                0x100038d0                __wrap___aeabi_dcmplt
 .text.__wrap___aeabi_dcmple
                0x100038dc       0x10 CMakeFiles/modbus_v2.dir/C_/VSARM/sdk/pico/pico-sdk/src/rp2_common/pico_double/double_aeabi.S.obj
                0x100038dc                __wrap___aeabi_dcmple
 .text.__wrap___aeabi_dcmpge
                0x100038ec       0x10 CMakeFiles/modbus_v2.dir/C_/VSARM/sdk/pico/pico-sdk/src/rp2_common/pico_double/double_aeabi.S.obj
                0x100038ec                __wrap___aeabi_dcmpge
 .text.__wrap___aeabi_dcmpgt
                0x100038fc        0xa CMakeFiles/modbus_v2.dir/C_/VSARM/sdk/pico/pico-sdk/src/rp2_common/pico_double/double_aeabi.S.obj
                0x100038fc                __wrap___aeabi_dcmpgt
 .text.__wrap___aeabi_dcmpun
                0x10003906       0x1c CMakeFiles/modbus_v2.dir/C_/VSARM/sdk/pico/pico-sdk/src/rp2_common/pico_double/double_aeabi.S.obj
                0x10003906                __wrap___aeabi_dcmpun
 *fill*         0x10003922        0x2 
 .text.__wrap___aeabi_i2d
                0x10003924       0x38 CMakeFiles/modbus_v2.dir/C_/VSARM/sdk/pico/pico-sdk/src/rp2_common/pico_double/double_aeabi.S.obj
                0x10003924                __wrap___aeabi_ui2d
                0x1000392c                __wrap___aeabi_i2d
 .text.__wrap___aeabi_d2iz
                0x1000395c       0x48 CMakeFiles/modbus_v2.dir/C_/VSARM/sdk/pico/pico-sdk/src/rp2_common/pico_double/double_aeabi.S.obj
                0x1000395c                double2int_z
                0x1000395c                __wrap___aeabi_d2iz
 .text.__wrap___aeabi_d2uiz
                0x100039a4       0x18 CMakeFiles/modbus_v2.dir/C_/VSARM/sdk/pico/pico-sdk/src/rp2_common/pico_double/double_aeabi.S.obj
                0x100039a4                __wrap___aeabi_d2uiz
                0x100039a4                double2uint
 .text.__aeabi_double_init
                0x100039bc       0xc8 CMakeFiles/modbus_v2.dir/C_/VSARM/sdk/pico/pico-sdk/src/rp2_common/pico_double/double_init_rom.c.obj
                0x100039bc                __aeabi_double_init
 .text.double_table_shim_on_use_helper
                0x10003a84       0x34 CMakeFiles/modbus_v2.dir/C_/VSARM/sdk/pico/pico-sdk/src/rp2_common/pico_double/double_v1_rom_shim.S.obj
                0x10003a84                double_table_shim_on_use_helper
 .text.__wrap___aeabi_dsub
                0x10003ab8       0x10 CMakeFiles/modbus_v2.dir/C_/VSARM/sdk/pico/pico-sdk/src/rp2_common/pico_double/double_v1_rom_shim.S.obj
                0x10003ab8                drsub_shim
                0x10003abe                dsub_shim
 .text.dadd_shim
                0x10003ac8      0x15c CMakeFiles/modbus_v2.dir/C_/VSARM/sdk/pico/pico-sdk/src/rp2_common/pico_double/double_v1_rom_shim.S.obj
                0x10003ac8                dadd_shim
 .text.dmul_shim
                0x10003c24      0x15c CMakeFiles/modbus_v2.dir/C_/VSARM/sdk/pico/pico-sdk/src/rp2_common/pico_double/double_v1_rom_shim.S.obj
                0x10003c24                dmul_shim
 .text.ddiv_shim
                0x10003d80      0x1b0 CMakeFiles/modbus_v2.dir/C_/VSARM/sdk/pico/pico-sdk/src/rp2_common/pico_double/double_v1_rom_shim.S.obj
                0x10003d80                ddiv_shim
 .text.double2uint_shim
                0x10003f30        0xe CMakeFiles/modbus_v2.dir/C_/VSARM/sdk/pico/pico-sdk/src/rp2_common/pico_double/double_v1_rom_shim.S.obj
                0x10003f30                double2uint_shim
                0x10003f32                double2ufix_shim
 *fill*         0x10003f3e        0x2 
 .text.double2uint64_shim
                0x10003f40       0x70 CMakeFiles/modbus_v2.dir/C_/VSARM/sdk/pico/pico-sdk/src/rp2_common/pico_double/double_v1_rom_shim.S.obj
                0x10003f40                double2uint64_shim
                0x10003f42                double2ufix64_shim
                0x10003f62                d2fix_a
 .text.dunpacks
                0x10003fb0       0x3c CMakeFiles/modbus_v2.dir/C_/VSARM/sdk/pico/pico-sdk/src/rp2_common/pico_double/double_v1_rom_shim.S.obj
                0x10003fb0                dunpacks
 .text.__aeabi_float_init
                0x10003fec       0xfc CMakeFiles/modbus_v2.dir/C_/VSARM/sdk/pico/pico-sdk/src/rp2_common/pico_float/float_init_rom.c.obj
                0x10003fec                __aeabi_float_init
 .text.float_table_shim_on_use_helper
                0x100040e8       0x34 CMakeFiles/modbus_v2.dir/C_/VSARM/sdk/pico/pico-sdk/src/rp2_common/pico_float/float_v1_rom_shim.S.obj
                0x100040e8                float_table_shim_on_use_helper
 .text          0x1000411c       0x10 CMakeFiles/modbus_v2.dir/C_/VSARM/sdk/pico/pico-sdk/src/rp2_common/pico_mem_ops/mem_ops_aeabi.S.obj
                0x1000411c                __aeabi_mem_init
 .text.memset   0x1000412c        0xc CMakeFiles/modbus_v2.dir/C_/VSARM/sdk/pico/pico-sdk/src/rp2_common/pico_mem_ops/mem_ops_aeabi.S.obj
                0x1000412c                __wrap_memset
 .text.memcpy   0x10004138        0xc CMakeFiles/modbus_v2.dir/C_/VSARM/sdk/pico/pico-sdk/src/rp2_common/pico_mem_ops/mem_ops_aeabi.S.obj
                0x10004138                __wrap_memcpy
                0x10004138                __wrap___aeabi_memcpy
 .text.stdio_out_chars_no_crlf
                0x10004144        0xe CMakeFiles/modbus_v2.dir/C_/VSARM/sdk/pico/pico-sdk/src/rp2_common/pico_stdio/stdio.c.obj
 *fill*         0x10004152        0x2 
 .text.stdio_out_chars_crlf
                0x10004154       0x80 CMakeFiles/modbus_v2.dir/C_/VSARM/sdk/pico/pico-sdk/src/rp2_common/pico_stdio/stdio.c.obj
 .text.stdio_stack_buffer_flush
                0x100041d4       0x44 CMakeFiles/modbus_v2.dir/C_/VSARM/sdk/pico/pico-sdk/src/rp2_common/pico_stdio/stdio.c.obj
 .text.stdio_buffered_printer
                0x10004218       0x20 CMakeFiles/modbus_v2.dir/C_/VSARM/sdk/pico/pico-sdk/src/rp2_common/pico_stdio/stdio.c.obj
 .text.stdout_serialize_begin
                0x10004238       0x30 CMakeFiles/modbus_v2.dir/C_/VSARM/sdk/pico/pico-sdk/src/rp2_common/pico_stdio/stdio.c.obj
                0x10004238                stdout_serialize_begin
 .text.stdout_serialize_end
                0x10004268       0x10 CMakeFiles/modbus_v2.dir/C_/VSARM/sdk/pico/pico-sdk/src/rp2_common/pico_stdio/stdio.c.obj
                0x10004268                stdout_serialize_end
 .text.stdio_put_string
                0x10004278       0x98 CMakeFiles/modbus_v2.dir/C_/VSARM/sdk/pico/pico-sdk/src/rp2_common/pico_stdio/stdio.c.obj
 .text.stdio_set_driver_enabled
                0x10004310       0x2c CMakeFiles/modbus_v2.dir/C_/VSARM/sdk/pico/pico-sdk/src/rp2_common/pico_stdio/stdio.c.obj
                0x10004310                stdio_set_driver_enabled
 .text.stdio_flush
                0x1000433c       0x20 CMakeFiles/modbus_v2.dir/C_/VSARM/sdk/pico/pico-sdk/src/rp2_common/pico_stdio/stdio.c.obj
                0x1000433c                stdio_flush
 .text.__wrap_puts
                0x1000435c       0x1e CMakeFiles/modbus_v2.dir/C_/VSARM/sdk/pico/pico-sdk/src/rp2_common/pico_stdio/stdio.c.obj
                0x1000435c                __wrap_puts
 *fill*         0x1000437a        0x2 
 .text.__wrap_vprintf
                0x1000437c       0x44 CMakeFiles/modbus_v2.dir/C_/VSARM/sdk/pico/pico-sdk/src/rp2_common/pico_stdio/stdio.c.obj
                0x1000437c                __wrap_vprintf
 .text.__wrap_printf
                0x100043c0       0x18 CMakeFiles/modbus_v2.dir/C_/VSARM/sdk/pico/pico-sdk/src/rp2_common/pico_stdio/stdio.c.obj
                0x100043c0                __wrap_printf
 .text.stdio_init_all
                0x100043d8        0x8 CMakeFiles/modbus_v2.dir/C_/VSARM/sdk/pico/pico-sdk/src/rp2_common/pico_stdio/stdio.c.obj
                0x100043d8                stdio_init_all
 .text.stdio_uart_out_chars
                0x100043e0       0x74 CMakeFiles/modbus_v2.dir/C_/VSARM/sdk/pico/pico-sdk/src/rp2_common/pico_stdio_uart/stdio_uart.c.obj
 .text.stdio_uart_in_chars
                0x10004454       0x58 CMakeFiles/modbus_v2.dir/C_/VSARM/sdk/pico/pico-sdk/src/rp2_common/pico_stdio_uart/stdio_uart.c.obj
                0x10004454                stdio_uart_in_chars
 .text.stdio_uart_init_full
                0x100044ac       0x3c CMakeFiles/modbus_v2.dir/C_/VSARM/sdk/pico/pico-sdk/src/rp2_common/pico_stdio_uart/stdio_uart.c.obj
                0x100044ac                stdio_uart_init_full
 .text.stdio_uart_init
                0x100044e8       0x28 CMakeFiles/modbus_v2.dir/C_/VSARM/sdk/pico/pico-sdk/src/rp2_common/pico_stdio_uart/stdio_uart.c.obj
                0x100044e8                stdio_uart_init
 .text.memcmp   0x10004510       0x48 c:/vsarm/armcc/102021~1.10/bin/../lib/gcc/arm-none-eabi/10.3.1/../../../../arm-none-eabi/lib/thumb/v6-m/nofp\libg.a(lib_a-memcmp.o)
                0x10004510                memcmp
 .text.strlen   0x10004558       0x5c c:/vsarm/armcc/102021~1.10/bin/../lib/gcc/arm-none-eabi/10.3.1/../../../../arm-none-eabi/lib/thumb/v6-m/nofp\libg.a(lib_a-strlen-stub.o)
                0x10004558                strlen
 *(.fini)
 .fini          0x100045b4        0x4 c:/vsarm/armcc/102021~1.10/bin/../lib/gcc/arm-none-eabi/10.3.1/thumb/v6-m/nofp/crti.o
                0x100045b4                _fini
 .fini.__stub   0x100045b8       0x50 linker stubs
 *crtbegin.o(.ctors)
 *crtbegin?.o(.ctors)
 *(EXCLUDE_FILE(*crtend.o *crtend?.o) .ctors)
 *(SORT_BY_NAME(.ctors.*))
 *(.ctors)
 *crtbegin.o(.dtors)
 *crtbegin?.o(.dtors)
 *(EXCLUDE_FILE(*crtend.o *crtend?.o) .dtors)
 *(SORT_BY_NAME(.dtors.*))
 *(.dtors)
 *(.eh_frame*)
 .eh_frame      0x10004608        0x0 c:/vsarm/armcc/102021~1.10/bin/../lib/gcc/arm-none-eabi/10.3.1/thumb/v6-m/nofp/crtbegin.o
                0x10004608                . = ALIGN (0x4)

.glue_7         0x10004608        0x0
 .glue_7        0x10004608        0x0 linker stubs

.glue_7t        0x10004608        0x0
 .glue_7t       0x10004608        0x0 linker stubs

.vfp11_veneer   0x10004608        0x0
 .vfp11_veneer  0x10004608        0x0 linker stubs

.v4_bx          0x10004608        0x0
 .v4_bx         0x10004608        0x0 linker stubs

.iplt           0x10004608        0x0
 .iplt          0x10004608        0x0 c:/vsarm/armcc/102021~1.10/bin/../lib/gcc/arm-none-eabi/10.3.1/thumb/v6-m/nofp/crtbegin.o

.rodata         0x10004608      0xe9c
 *(EXCLUDE_FILE(*libm.a: *libc.a:*lib_a-mem*.o *libgcc.a:) .rodata*)
 .rodata.main.str1.4
                0x10004608       0x1c CMakeFiles/modbus_v2.dir/main.cpp.obj
 .rodata._ZL9mb_rx_rtuv
                0x10004624       0x44 CMakeFiles/modbus_v2.dir/modbus.cpp.obj
 .rodata.make_branch.str1.4
                0x10004668       0x6d CMakeFiles/modbus_v2.dir/C_/VSARM/sdk/pico/pico-sdk/src/rp2_common/hardware_irq/irq.c.obj
 *fill*         0x100046d5        0x3 
 .rodata.insert_branch_and_link.str1.4
                0x100046d8       0x10 CMakeFiles/modbus_v2.dir/C_/VSARM/sdk/pico/pico-sdk/src/rp2_common/hardware_irq/irq.c.obj
 .rodata.irq_set_exclusive_handler.str1.4
                0x100046e8       0x36 CMakeFiles/modbus_v2.dir/C_/VSARM/sdk/pico/pico-sdk/src/rp2_common/hardware_irq/irq.c.obj
 *fill*         0x1000471e        0x2 
 .rodata.irq_add_shared_handler.str1.4
                0x10004720       0xd9 CMakeFiles/modbus_v2.dir/C_/VSARM/sdk/pico/pico-sdk/src/rp2_common/hardware_irq/irq.c.obj
 *fill*         0x100047f9        0x3 
 .rodata.irq_remove_handler.str1.4
                0x100047fc       0x2a CMakeFiles/modbus_v2.dir/C_/VSARM/sdk/pico/pico-sdk/src/rp2_common/hardware_irq/irq.c.obj
 *fill*         0x10004826        0x2 
 .rodata.irq_add_tail_to_free_list.str1.4
                0x10004828       0x3a CMakeFiles/modbus_v2.dir/C_/VSARM/sdk/pico/pico-sdk/src/rp2_common/hardware_irq/irq.c.obj
 *fill*         0x10004862        0x2 
 .rodata.__func__.0
                0x10004864       0x1a CMakeFiles/modbus_v2.dir/C_/VSARM/sdk/pico/pico-sdk/src/rp2_common/hardware_irq/irq.c.obj
 *fill*         0x1000487e        0x2 
 .rodata.__func__.1
                0x10004880       0x17 CMakeFiles/modbus_v2.dir/C_/VSARM/sdk/pico/pico-sdk/src/rp2_common/hardware_irq/irq.c.obj
 *fill*         0x10004897        0x1 
 .rodata.__func__.2
                0x10004898       0x13 CMakeFiles/modbus_v2.dir/C_/VSARM/sdk/pico/pico-sdk/src/rp2_common/hardware_irq/irq.c.obj
 *fill*         0x100048ab        0x1 
 .rodata.__func__.3
                0x100048ac        0xc CMakeFiles/modbus_v2.dir/C_/VSARM/sdk/pico/pico-sdk/src/rp2_common/hardware_irq/irq.c.obj
 .rodata.__func__.4
                0x100048b8        0xf CMakeFiles/modbus_v2.dir/C_/VSARM/sdk/pico/pico-sdk/src/rp2_common/hardware_irq/irq.c.obj
 *fill*         0x100048c7        0x1 
 .rodata.__func__.6
                0x100048c8       0x1a CMakeFiles/modbus_v2.dir/C_/VSARM/sdk/pico/pico-sdk/src/rp2_common/hardware_irq/irq.c.obj
 *fill*         0x100048e2        0x2 
 .rodata.repeating_timer_callback.str1.4
                0x100048e4       0x4b CMakeFiles/modbus_v2.dir/C_/VSARM/sdk/pico/pico-sdk/src/common/pico_time/time.c.obj
 *fill*         0x1000492f        0x1 
 .rodata.alarm_pool_dump_key.str1.4
                0x10004930       0x33 CMakeFiles/modbus_v2.dir/C_/VSARM/sdk/pico/pico-sdk/src/common/pico_time/time.c.obj
 *fill*         0x10004963        0x1 
 .rodata.ph_add_child_node.str1.4
                0x10004964       0x96 CMakeFiles/modbus_v2.dir/C_/VSARM/sdk/pico/pico-sdk/src/common/pico_time/time.c.obj
 *fill*         0x100049fa        0x2 
 .rodata.add_alarm_under_lock.str1.4
                0x100049fc       0x28 CMakeFiles/modbus_v2.dir/C_/VSARM/sdk/pico/pico-sdk/src/common/pico_time/time.c.obj
                                 0x2b (size before relaxing)
 .rodata.alarm_pool_alarm_callback.str1.4
                0x10004a24       0xe6 CMakeFiles/modbus_v2.dir/C_/VSARM/sdk/pico/pico-sdk/src/common/pico_time/time.c.obj
 *fill*         0x10004b0a        0x2 
 .rodata.__func__.10
                0x10004b0c       0x15 CMakeFiles/modbus_v2.dir/C_/VSARM/sdk/pico/pico-sdk/src/common/pico_time/time.c.obj
 *fill*         0x10004b21        0x3 
 .rodata.__func__.11
                0x10004b24       0x1a CMakeFiles/modbus_v2.dir/C_/VSARM/sdk/pico/pico-sdk/src/common/pico_time/time.c.obj
 *fill*         0x10004b3e        0x2 
 .rodata.__func__.12
                0x10004b40        0xa CMakeFiles/modbus_v2.dir/C_/VSARM/sdk/pico/pico-sdk/src/common/pico_time/time.c.obj
 *fill*         0x10004b4a        0x2 
 .rodata.__func__.4
                0x10004b4c       0x12 CMakeFiles/modbus_v2.dir/C_/VSARM/sdk/pico/pico-sdk/src/common/pico_time/time.c.obj
 *fill*         0x10004b5e        0x2 
 .rodata.__func__.5
                0x10004b60        0xd CMakeFiles/modbus_v2.dir/C_/VSARM/sdk/pico/pico-sdk/src/common/pico_time/time.c.obj
 *fill*         0x10004b6d        0x3 
 .rodata.__func__.6
                0x10004b70       0x12 CMakeFiles/modbus_v2.dir/C_/VSARM/sdk/pico/pico-sdk/src/common/pico_time/time.c.obj
 *fill*         0x10004b82        0x2 
 .rodata.__func__.7
                0x10004b84        0xf CMakeFiles/modbus_v2.dir/C_/VSARM/sdk/pico/pico-sdk/src/common/pico_time/time.c.obj
 *fill*         0x10004b93        0x1 
 .rodata.__func__.8
                0x10004b94        0xc CMakeFiles/modbus_v2.dir/C_/VSARM/sdk/pico/pico-sdk/src/common/pico_time/time.c.obj
 .rodata.__func__.9
                0x10004ba0       0x15 CMakeFiles/modbus_v2.dir/C_/VSARM/sdk/pico/pico-sdk/src/common/pico_time/time.c.obj
 *fill*         0x10004bb5        0x3 
 .rodata.hardware_alarm_claim.str1.4
                0x10004bb8       0x22 CMakeFiles/modbus_v2.dir/C_/VSARM/sdk/pico/pico-sdk/src/rp2_common/hardware_timer/timer.c.obj
 *fill*         0x10004bda        0x2 
 .rodata.hardware_alarm_set_target.str1.4
                0x10004bdc       0x65 CMakeFiles/modbus_v2.dir/C_/VSARM/sdk/pico/pico-sdk/src/rp2_common/hardware_timer/timer.c.obj
 *fill*         0x10004c41        0x3 
 .rodata.__func__.0
                0x10004c44       0x1a CMakeFiles/modbus_v2.dir/C_/VSARM/sdk/pico/pico-sdk/src/rp2_common/hardware_timer/timer.c.obj
 .rodata.ph_add_child_node.str1.4
                0x10004c5e       0x96 CMakeFiles/modbus_v2.dir/C_/VSARM/sdk/pico/pico-sdk/src/common/pico_util/pheap.c.obj
 *fill*         0x10004c5e        0x2 
 .rodata.ph_remove_any_head.str1.4
                0x10004c60       0x8c CMakeFiles/modbus_v2.dir/C_/VSARM/sdk/pico/pico-sdk/src/common/pico_util/pheap.c.obj
 .rodata.ph_remove_and_free_node.str1.4
                0x10004cec       0x1e CMakeFiles/modbus_v2.dir/C_/VSARM/sdk/pico/pico-sdk/src/common/pico_util/pheap.c.obj
                                 0x26 (size before relaxing)
 *fill*         0x10004d0a        0x2 
 .rodata.__func__.0
                0x10004d0c       0x18 CMakeFiles/modbus_v2.dir/C_/VSARM/sdk/pico/pico-sdk/src/common/pico_util/pheap.c.obj
 .rodata.__func__.1
                0x10004d24       0x13 CMakeFiles/modbus_v2.dir/C_/VSARM/sdk/pico/pico-sdk/src/common/pico_util/pheap.c.obj
 *fill*         0x10004d37        0x1 
 .rodata.__func__.2
                0x10004d38       0x12 CMakeFiles/modbus_v2.dir/C_/VSARM/sdk/pico/pico-sdk/src/common/pico_util/pheap.c.obj
 *fill*         0x10004d4a        0x2 
 .rodata.__func__.3
                0x10004d4c        0xc CMakeFiles/modbus_v2.dir/C_/VSARM/sdk/pico/pico-sdk/src/common/pico_util/pheap.c.obj
 .rodata.str1.4
                0x10004d58       0x89 CMakeFiles/modbus_v2.dir/C_/VSARM/sdk/pico/pico-sdk/src/common/pico_sync/mutex.c.obj
                                 0xed (size before relaxing)
 *fill*         0x10004de1        0x3 
 .rodata.__func__.1
                0x10004de4        0xb CMakeFiles/modbus_v2.dir/C_/VSARM/sdk/pico/pico-sdk/src/common/pico_sync/mutex.c.obj
 *fill*         0x10004def        0x1 
 .rodata.__assert_func.str1.4
                0x10004df0       0x3f CMakeFiles/modbus_v2.dir/C_/VSARM/sdk/pico/pico-sdk/src/rp2_common/pico_runtime/runtime.c.obj
                                 0x43 (size before relaxing)
 *fill*         0x10004e2f        0x1 
 .rodata.runtime_init.str1.4
                0x10004e30       0x61 CMakeFiles/modbus_v2.dir/C_/VSARM/sdk/pico/pico-sdk/src/rp2_common/pico_runtime/runtime.c.obj
 *fill*         0x10004e91        0x3 
 .rodata.panic.str1.4
                0x10004e94       0x12 CMakeFiles/modbus_v2.dir/C_/VSARM/sdk/pico/pico-sdk/src/rp2_common/pico_runtime/runtime.c.obj
 *fill*         0x10004ea6        0x2 
 .rodata.__func__.1
                0x10004ea8        0xd CMakeFiles/modbus_v2.dir/C_/VSARM/sdk/pico/pico-sdk/src/rp2_common/pico_runtime/runtime.c.obj
 *fill*         0x10004eb5        0x3 
 .rodata.clock_configure.str1.4
                0x10004eb8       0x57 CMakeFiles/modbus_v2.dir/C_/VSARM/sdk/pico/pico-sdk/src/rp2_common/hardware_clocks/clocks.c.obj
 *fill*         0x10004f0f        0x1 
 .rodata.__func__.1
                0x10004f10       0x10 CMakeFiles/modbus_v2.dir/C_/VSARM/sdk/pico/pico-sdk/src/rp2_common/hardware_clocks/clocks.c.obj
 .rodata.pll_init.str1.4
                0x10004f20      0x13b CMakeFiles/modbus_v2.dir/C_/VSARM/sdk/pico/pico-sdk/src/rp2_common/hardware_pll/pll.c.obj
 *fill*         0x1000505b        0x1 
 .rodata.__func__.0
                0x1000505c        0x9 CMakeFiles/modbus_v2.dir/C_/VSARM/sdk/pico/pico-sdk/src/rp2_common/hardware_pll/pll.c.obj
 *fill*         0x10005065        0x3 
 .rodata._ftoa.str1.4
                0x10005068       0x15 CMakeFiles/modbus_v2.dir/C_/VSARM/sdk/pico/pico-sdk/src/rp2_common/pico_printf/printf.c.obj
 *fill*         0x1000507d        0x3 
 .rodata._vsnprintf
                0x10005080      0x1e0 CMakeFiles/modbus_v2.dir/C_/VSARM/sdk/pico/pico-sdk/src/rp2_common/pico_printf/printf.c.obj
 .rodata.pow10.0
                0x10005260       0x50 CMakeFiles/modbus_v2.dir/C_/VSARM/sdk/pico/pico-sdk/src/rp2_common/pico_printf/printf.c.obj
 .rodata.__aeabi_double_init.str1.4
                0x100052b0       0xa8 CMakeFiles/modbus_v2.dir/C_/VSARM/sdk/pico/pico-sdk/src/rp2_common/pico_double/double_init_rom.c.obj
 .rodata.__func__.0
                0x10005358       0x14 CMakeFiles/modbus_v2.dir/C_/VSARM/sdk/pico/pico-sdk/src/rp2_common/pico_double/double_init_rom.c.obj
 .rodata.__aeabi_float_init.str1.4
                0x1000536c       0x7a CMakeFiles/modbus_v2.dir/C_/VSARM/sdk/pico/pico-sdk/src/rp2_common/pico_float/float_init_rom.c.obj
                                 0x7e (size before relaxing)
 *fill*         0x100053e6        0x2 
 .rodata.__func__.0
                0x100053e8       0x13 CMakeFiles/modbus_v2.dir/C_/VSARM/sdk/pico/pico-sdk/src/rp2_common/pico_float/float_init_rom.c.obj
 *fill*         0x100053fb        0x1 
 .rodata.str1.4
                0x100053fc       0x40 CMakeFiles/modbus_v2.dir/C_/VSARM/sdk/pico/pico-sdk/src/rp2_common/pico_standard_link/binary_info.c.obj
 .rodata.__bi_44
                0x1000543c        0xc CMakeFiles/modbus_v2.dir/C_/VSARM/sdk/pico/pico-sdk/src/rp2_common/pico_standard_link/binary_info.c.obj
 .rodata.__bi_75
                0x10005448        0xc CMakeFiles/modbus_v2.dir/C_/VSARM/sdk/pico/pico-sdk/src/rp2_common/pico_standard_link/binary_info.c.obj
 .rodata.__bi_81
                0x10005454        0xc CMakeFiles/modbus_v2.dir/C_/VSARM/sdk/pico/pico-sdk/src/rp2_common/pico_standard_link/binary_info.c.obj
 .rodata.crlf_str.3
                0x10005460        0x2 CMakeFiles/modbus_v2.dir/C_/VSARM/sdk/pico/pico-sdk/src/rp2_common/pico_stdio/stdio.c.obj
 *fill*         0x10005462        0x2 
 .rodata.str1.4
                0x10005464       0x2c CMakeFiles/modbus_v2.dir/C_/VSARM/sdk/pico/pico-sdk/src/rp2_common/pico_stdio_uart/stdio_uart.c.obj
 .rodata.__bi_28.4
                0x10005490        0xc CMakeFiles/modbus_v2.dir/C_/VSARM/sdk/pico/pico-sdk/src/rp2_common/pico_stdio_uart/stdio_uart.c.obj
 .rodata.__bi_29.5
                0x1000549c        0x8 CMakeFiles/modbus_v2.dir/C_/VSARM/sdk/pico/pico-sdk/src/rp2_common/pico_stdio_uart/stdio_uart.c.obj
                0x100054a4                . = ALIGN (0x4)
 *(SORT_BY_ALIGNMENT(SORT_BY_NAME(.flashdata*)))
                0x100054a4                . = ALIGN (0x4)

.rel.dyn        0x100054a4        0x0
 .rel.iplt      0x100054a4        0x0 c:/vsarm/armcc/102021~1.10/bin/../lib/gcc/arm-none-eabi/10.3.1/thumb/v6-m/nofp/crtbegin.o

.ARM.extab
 *(.ARM.extab* .gnu.linkonce.armextab.*)
                0x100054a4                __exidx_start = .

.ARM.exidx
 *(.ARM.exidx* .gnu.linkonce.armexidx.*)
                0x100054a4                __exidx_end = .
                0x100054a4                . = ALIGN (0x4)
                0x100054a4                __binary_info_start = .

.binary_info    0x100054a4       0x24
 *(.binary_info.keep.*)
 .binary_info.keep.__bi_ptr22
                0x100054a4        0x4 CMakeFiles/modbus_v2.dir/C_/VSARM/sdk/pico/pico-sdk/src/rp2_common/pico_standard_link/binary_info.c.obj
 .binary_info.keep.__bi_ptr30
                0x100054a8        0x4 CMakeFiles/modbus_v2.dir/C_/VSARM/sdk/pico/pico-sdk/src/rp2_common/pico_standard_link/binary_info.c.obj
 .binary_info.keep.__bi_ptr38
                0x100054ac        0x4 CMakeFiles/modbus_v2.dir/C_/VSARM/sdk/pico/pico-sdk/src/rp2_common/pico_standard_link/binary_info.c.obj
 .binary_info.keep.__bi_ptr44
                0x100054b0        0x4 CMakeFiles/modbus_v2.dir/C_/VSARM/sdk/pico/pico-sdk/src/rp2_common/pico_standard_link/binary_info.c.obj
 .binary_info.keep.__bi_ptr50
                0x100054b4        0x4 CMakeFiles/modbus_v2.dir/C_/VSARM/sdk/pico/pico-sdk/src/rp2_common/pico_standard_link/binary_info.c.obj
 .binary_info.keep.__bi_ptr75
                0x100054b8        0x4 CMakeFiles/modbus_v2.dir/C_/VSARM/sdk/pico/pico-sdk/src/rp2_common/pico_standard_link/binary_info.c.obj
 .binary_info.keep.__bi_ptr81
                0x100054bc        0x4 CMakeFiles/modbus_v2.dir/C_/VSARM/sdk/pico/pico-sdk/src/rp2_common/pico_standard_link/binary_info.c.obj
 *(.binary_info.*)
 .binary_info.__bi_ptr28
                0x100054c0        0x4 CMakeFiles/modbus_v2.dir/C_/VSARM/sdk/pico/pico-sdk/src/rp2_common/pico_stdio_uart/stdio_uart.c.obj
 .binary_info.__bi_ptr29
                0x100054c4        0x4 CMakeFiles/modbus_v2.dir/C_/VSARM/sdk/pico/pico-sdk/src/rp2_common/pico_stdio_uart/stdio_uart.c.obj
                0x100054c8                __binary_info_end = .
                0x100054c8                . = ALIGN (0x4)
                0x100054c8                __etext = .

.ram_vector_table
                0x20000000       0xc0
 *(.ram_vector_table)
 .ram_vector_table
                0x20000000       0xc0 CMakeFiles/modbus_v2.dir/C_/VSARM/sdk/pico/pico-sdk/src/rp2_common/pico_runtime/runtime.c.obj
                0x20000000                ram_vector_table

.data           0x200000c0      0x1c0 load address 0x100054c8
                0x200000c0                __data_start__ = .
 *(vtable)
 *(.time_critical*)
 .time_critical.mutex_enter_blocking
                0x200000c0       0x48 CMakeFiles/modbus_v2.dir/C_/VSARM/sdk/pico/pico-sdk/src/common/pico_sync/mutex.c.obj
                0x200000c0                mutex_enter_blocking
 .time_critical.mutex_try_enter
                0x20000108       0x46 CMakeFiles/modbus_v2.dir/C_/VSARM/sdk/pico/pico-sdk/src/common/pico_sync/mutex.c.obj
                0x20000108                mutex_try_enter
 *fill*         0x2000014e        0x2 
 .time_critical.mutex_exit
                0x20000150       0x4c CMakeFiles/modbus_v2.dir/C_/VSARM/sdk/pico/pico-sdk/src/common/pico_sync/mutex.c.obj
                0x20000150                mutex_exit
 *(.text*)
 .text          0x2000019c        0x4 c:/vsarm/armcc/102021~1.10/bin/../lib/gcc/arm-none-eabi/10.3.1/thumb/v6-m/nofp\libgcc.a(_dvmd_tls.o)
                0x2000019c                __aeabi_idiv0
                0x2000019c                __aeabi_ldiv0
 .text.__stub   0x200001a0       0x10 linker stubs
                0x200001b0                . = ALIGN (0x4)
 *(.rodata*)
                0x200001b0                . = ALIGN (0x4)
 *(.data*)
 .data.busy_code
                0x200001b0        0x2 CMakeFiles/modbus_v2.dir/modbus.cpp.obj
                0x200001b0                busy_code
 .data.command  0x200001b2        0x2 CMakeFiles/modbus_v2.dir/modbus.cpp.obj
                0x200001b2                command
 .data.error_code
                0x200001b4        0x2 CMakeFiles/modbus_v2.dir/modbus.cpp.obj
                0x200001b4                error_code
 .data.sensor_0
                0x200001b6        0x2 CMakeFiles/modbus_v2.dir/modbus.cpp.obj
                0x200001b6                sensor_0
 .data.sensor_1
                0x200001b8        0x2 CMakeFiles/modbus_v2.dir/modbus.cpp.obj
                0x200001b8                sensor_1
 .data.sensor_2
                0x200001ba        0x2 CMakeFiles/modbus_v2.dir/modbus.cpp.obj
                0x200001ba                sensor_2
 .data.striped_spin_lock_num
                0x200001bc        0x1 CMakeFiles/modbus_v2.dir/C_/VSARM/sdk/pico/pico-sdk/src/rp2_common/hardware_sync/sync.c.obj
 *fill*         0x200001bd        0x3 
 .data          0x200001c0       0x48 CMakeFiles/modbus_v2.dir/C_/VSARM/sdk/pico/pico-sdk/src/rp2_common/hardware_irq/irq_handler_chain.S.obj
                0x200001c0                irq_handler_chain_slots
                0x200001f0                irq_handler_chain_first_slot
                0x200001fa                irq_handler_chain_remove_tail
 .data.default_alarm_pool
                0x20000208       0x18 CMakeFiles/modbus_v2.dir/C_/VSARM/sdk/pico/pico-sdk/src/common/pico_time/time.c.obj
 .data.default_alarm_pool_heap
                0x20000220       0x10 CMakeFiles/modbus_v2.dir/C_/VSARM/sdk/pico/pico-sdk/src/common/pico_time/time.c.obj
 .data.aeabi_bits_funcs
                0x20000230       0x10 CMakeFiles/modbus_v2.dir/C_/VSARM/sdk/pico/pico-sdk/src/rp2_common/pico_bit_ops/bit_ops_aeabi.S.obj
                0x20000230                aeabi_bits_funcs
                0x20000240                aeabi_bits_funcs_end
 .data.aeabi_mem_funcs
                0x20000240       0x10 CMakeFiles/modbus_v2.dir/C_/VSARM/sdk/pico/pico-sdk/src/rp2_common/pico_mem_ops/mem_ops_aeabi.S.obj
                0x20000240                aeabi_mem_funcs
                0x20000250                aeabi_mem_funcs_end
 .data.stdio_uart
                0x20000250       0x14 CMakeFiles/modbus_v2.dir/C_/VSARM/sdk/pico/pico-sdk/src/rp2_common/pico_stdio_uart/stdio_uart.c.obj
                0x20000250                stdio_uart
                0x20000264                . = ALIGN (0x4)
 *(.after_data.*)
                0x20000264                . = ALIGN (0x4)
                0x20000264                PROVIDE (__mutex_array_start = .)
 *(SORT_BY_NAME(.mutex_array.*))
 *(.mutex_array)
 .mutex_array   0x20000264        0x8 CMakeFiles/modbus_v2.dir/C_/VSARM/sdk/pico/pico-sdk/src/rp2_common/pico_stdio/stdio.c.obj
                0x2000026c                PROVIDE (__mutex_array_end = .)
                0x2000026c                . = ALIGN (0x4)
                0x2000026c                PROVIDE (__preinit_array_start = .)
 *(SORT_BY_NAME(.preinit_array.*))
 .preinit_array.00001
                0x2000026c        0x4 CMakeFiles/modbus_v2.dir/C_/VSARM/sdk/pico/pico-sdk/src/rp2_common/pico_mem_ops/mem_ops_aeabi.S.obj
 .preinit_array.00010
                0x20000270        0x4 CMakeFiles/modbus_v2.dir/C_/VSARM/sdk/pico/pico-sdk/src/rp2_common/pico_bit_ops/bit_ops_aeabi.S.obj
 .preinit_array.00020
                0x20000274        0x4 CMakeFiles/modbus_v2.dir/C_/VSARM/sdk/pico/pico-sdk/src/rp2_common/pico_double/double_aeabi.S.obj
 .preinit_array.00020
                0x20000278        0x4 CMakeFiles/modbus_v2.dir/C_/VSARM/sdk/pico/pico-sdk/src/rp2_common/pico_float/float_aeabi.S.obj
 *(.preinit_array)
                0x2000027c                PROVIDE (__preinit_array_end = .)
                0x2000027c                . = ALIGN (0x4)
                0x2000027c                PROVIDE (__init_array_start = .)
 *(SORT_BY_NAME(.init_array.*))
 *(.init_array)
 .init_array    0x2000027c        0x4 c:/vsarm/armcc/102021~1.10/bin/../lib/gcc/arm-none-eabi/10.3.1/thumb/v6-m/nofp/crtbegin.o
                0x20000280                PROVIDE (__init_array_end = .)
                0x20000280                . = ALIGN (0x4)
                [!provide]                PROVIDE (__fini_array_start = .)
 *(SORT_BY_NAME(.fini_array.*))
 *(.fini_array)
                [!provide]                PROVIDE (__fini_array_end = .)
 *(.jcr)
                0x20000280                . = ALIGN (0x4)
                0x20000280                __data_end__ = .

.igot.plt       0x20000280        0x0 load address 0x10005688
 .igot.plt      0x20000280        0x0 c:/vsarm/armcc/102021~1.10/bin/../lib/gcc/arm-none-eabi/10.3.1/thumb/v6-m/nofp/crtbegin.o

.uninitialized_data
                0x20000280        0x0 load address 0x10005688
                0x20000280                . = ALIGN (0x4)
 *(.uninitialized_data*)

.scratch_x      0x20040000        0x0 load address 0x10005688
                0x20040000                __scratch_x_start__ = .
 *(.scratch_x.*)
                0x20040000                . = ALIGN (0x4)
                0x20040000                __scratch_x_end__ = .
                0x10005688                __scratch_x_source__ = LOADADDR (.scratch_x)

.scratch_y      0x20041000        0x0 load address 0x10005688
                0x20041000                __scratch_y_start__ = .
 *(.scratch_y.*)
                0x20041000                . = ALIGN (0x4)
                0x20041000                __scratch_y_end__ = .
                0x10005688                __scratch_y_source__ = LOADADDR (.scratch_y)

.bss            0x20000280      0x468
                0x20000280                . = ALIGN (0x4)
                0x20000280                __bss_start__ = .
 *(SORT_BY_ALIGNMENT(SORT_BY_NAME(.bss*)))
 .bss.default_alarm_pool_entries
                0x20000280      0x100 CMakeFiles/modbus_v2.dir/C_/VSARM/sdk/pico/pico-sdk/src/common/pico_time/time.c.obj
 .bss           0x20000380       0x1c c:/vsarm/armcc/102021~1.10/bin/../lib/gcc/arm-none-eabi/10.3.1/thumb/v6-m/nofp/crtbegin.o
 .bss.alarm_callbacks
                0x2000039c       0x10 CMakeFiles/modbus_v2.dir/C_/VSARM/sdk/pico/pico-sdk/src/rp2_common/hardware_timer/timer.c.obj
 .bss.command_param
                0x200003ac        0x6 CMakeFiles/modbus_v2.dir/modbus.cpp.obj
                0x200003ac                command_param
 *fill*         0x200003b2        0x2 
 .bss.configured_freq
                0x200003b4       0x28 CMakeFiles/modbus_v2.dir/C_/VSARM/sdk/pico/pico-sdk/src/rp2_common/hardware_clocks/clocks.c.obj
 .bss.default_alarm_pool_entry_ids_high
                0x200003dc       0x10 CMakeFiles/modbus_v2.dir/C_/VSARM/sdk/pico/pico-sdk/src/common/pico_time/time.c.obj
 .bss.default_alarm_pool_heap_nodes
                0x200003ec       0x30 CMakeFiles/modbus_v2.dir/C_/VSARM/sdk/pico/pico-sdk/src/common/pico_time/time.c.obj
 .bss.drivers   0x2000041c        0x4 CMakeFiles/modbus_v2.dir/C_/VSARM/sdk/pico/pico-sdk/src/rp2_common/pico_stdio/stdio.c.obj
 .bss.filter    0x20000420        0x4 CMakeFiles/modbus_v2.dir/C_/VSARM/sdk/pico/pico-sdk/src/rp2_common/pico_stdio/stdio.c.obj
 .bss.mb_request_buf
                0x20000424       0x40 CMakeFiles/modbus_v2.dir/modbus.cpp.obj
                0x20000424                mb_request_buf
 .bss.mb_request_buf_pos
                0x20000464        0x4 CMakeFiles/modbus_v2.dir/modbus.cpp.obj
                0x20000464                mb_request_buf_pos
 .bss.mb_response_buf
                0x20000468       0x40 CMakeFiles/modbus_v2.dir/modbus.cpp.obj
                0x20000468                mb_response_buf
 .bss.mb_response_buf_pos
                0x200004a8        0x4 CMakeFiles/modbus_v2.dir/modbus.cpp.obj
                0x200004a8                mb_response_buf_pos
 .bss.mb_timeout
                0x200004ac        0x4 CMakeFiles/modbus_v2.dir/modbus.cpp.obj
                0x200004ac                mb_timeout
 .bss.pools     0x200004b0       0x10 CMakeFiles/modbus_v2.dir/C_/VSARM/sdk/pico/pico-sdk/src/common/pico_time/time.c.obj
 .bss.sd_table  0x200004c0      0x100 CMakeFiles/modbus_v2.dir/C_/VSARM/sdk/pico/pico-sdk/src/rp2_common/pico_double/double_init_rom.c.obj
                0x200004c0                sd_table
 .bss.sf_clz_func
                0x200005c0        0x4 CMakeFiles/modbus_v2.dir/C_/VSARM/sdk/pico/pico-sdk/src/rp2_common/pico_double/double_init_rom.c.obj
                0x200005c0                sf_clz_func
 .bss.sf_table  0x200005c4      0x100 CMakeFiles/modbus_v2.dir/C_/VSARM/sdk/pico/pico-sdk/src/rp2_common/pico_float/float_init_rom.c.obj
                0x200005c4                sf_table
 .bss.sleep_notifier
                0x200006c4        0x4 CMakeFiles/modbus_v2.dir/C_/VSARM/sdk/pico/pico-sdk/src/common/pico_time/time.c.obj
 .bss.target_hi
                0x200006c8       0x10 CMakeFiles/modbus_v2.dir/C_/VSARM/sdk/pico/pico-sdk/src/rp2_common/hardware_timer/timer.c.obj
 .bss.uart_char_to_line_feed
                0x200006d8        0x4 CMakeFiles/modbus_v2.dir/C_/VSARM/sdk/pico/pico-sdk/src/rp2_common/hardware_uart/uart.c.obj
                0x200006d8                uart_char_to_line_feed
 .bss.uart_instance
                0x200006dc        0x4 CMakeFiles/modbus_v2.dir/C_/VSARM/sdk/pico/pico-sdk/src/rp2_common/pico_stdio_uart/stdio_uart.c.obj
 .bss.state     0x200006e0        0x2 CMakeFiles/modbus_v2.dir/modbus.cpp.obj
                0x200006e0                state
 .bss.claimed   0x200006e2        0x1 CMakeFiles/modbus_v2.dir/C_/VSARM/sdk/pico/pico-sdk/src/rp2_common/hardware_timer/timer.c.obj
 .bss.irq_hander_chain_free_slot_head
                0x200006e3        0x1 CMakeFiles/modbus_v2.dir/C_/VSARM/sdk/pico/pico-sdk/src/rp2_common/hardware_irq/irq.c.obj
 .bss.mb_slave_address
                0x200006e4        0x1 CMakeFiles/modbus_v2.dir/modbus.cpp.obj
                0x200006e4                mb_slave_address
 .bss.timer_callbacks_pending
                0x200006e5        0x1 CMakeFiles/modbus_v2.dir/C_/VSARM/sdk/pico/pico-sdk/src/rp2_common/hardware_timer/timer.c.obj
 *(COMMON)
                0x200006e8                . = ALIGN (0x4)
 *fill*         0x200006e6        0x2 
                0x200006e8                __bss_end__ = .

.heap           0x200006e8      0x800
                0x200006e8                __end__ = .
                0x200006e8                end = __end__
 *(.heap*)
 .heap          0x200006e8      0x800 CMakeFiles/modbus_v2.dir/C_/VSARM/sdk/pico/pico-sdk/src/rp2_common/pico_standard_link/crt0.S.obj
                0x20000ee8                __HeapLimit = .

.stack1_dummy   0x20040000        0x0
 *(.stack1*)

.stack_dummy    0x20041000      0x800
 *(.stack*)
 .stack         0x20041000      0x800 CMakeFiles/modbus_v2.dir/C_/VSARM/sdk/pico/pico-sdk/src/rp2_common/pico_standard_link/crt0.S.obj

.flash_end      0x10005688        0x0
                0x10005688                __flash_binary_end = .
                0x20040000                __StackLimit = (ORIGIN (RAM) + LENGTH (RAM))
                0x20041000                __StackOneTop = (ORIGIN (SCRATCH_X) + LENGTH (SCRATCH_X))
                0x20042000                __StackTop = (ORIGIN (SCRATCH_Y) + LENGTH (SCRATCH_Y))
                0x20041000                __StackOneBottom = (__StackOneTop - SIZEOF (.stack1_dummy))
                0x20041800                __StackBottom = (__StackTop - SIZEOF (.stack_dummy))
                0x20042000                PROVIDE (__stack = __StackTop)
                0x00000001                ASSERT ((__StackLimit >= __HeapLimit), region RAM overflowed)
                0x00000001                ASSERT (((__binary_info_header_end - __logical_binary_start) <= 0x100), Binary info must be in first 256 bytes of the binary)
LOAD CMakeFiles/modbus_v2.dir/main.cpp.obj
LOAD CMakeFiles/modbus_v2.dir/modbus.cpp.obj
LOAD CMakeFiles/modbus_v2.dir/C_/VSARM/sdk/pico/pico-sdk/src/rp2_common/pico_stdlib/stdlib.c.obj
LOAD CMakeFiles/modbus_v2.dir/C_/VSARM/sdk/pico/pico-sdk/src/rp2_common/hardware_gpio/gpio.c.obj
LOAD CMakeFiles/modbus_v2.dir/C_/VSARM/sdk/pico/pico-sdk/src/rp2_common/hardware_claim/claim.c.obj
LOAD CMakeFiles/modbus_v2.dir/C_/VSARM/sdk/pico/pico-sdk/src/rp2_common/pico_platform/platform.c.obj
LOAD CMakeFiles/modbus_v2.dir/C_/VSARM/sdk/pico/pico-sdk/src/rp2_common/hardware_sync/sync.c.obj
LOAD CMakeFiles/modbus_v2.dir/C_/VSARM/sdk/pico/pico-sdk/src/rp2_common/hardware_irq/irq.c.obj
LOAD CMakeFiles/modbus_v2.dir/C_/VSARM/sdk/pico/pico-sdk/src/rp2_common/hardware_irq/irq_handler_chain.S.obj
LOAD CMakeFiles/modbus_v2.dir/C_/VSARM/sdk/pico/pico-sdk/src/common/pico_sync/sem.c.obj
LOAD CMakeFiles/modbus_v2.dir/C_/VSARM/sdk/pico/pico-sdk/src/common/pico_sync/lock_core.c.obj
LOAD CMakeFiles/modbus_v2.dir/C_/VSARM/sdk/pico/pico-sdk/src/common/pico_time/time.c.obj
LOAD CMakeFiles/modbus_v2.dir/C_/VSARM/sdk/pico/pico-sdk/src/common/pico_time/timeout_helper.c.obj
LOAD CMakeFiles/modbus_v2.dir/C_/VSARM/sdk/pico/pico-sdk/src/rp2_common/hardware_timer/timer.c.obj
LOAD CMakeFiles/modbus_v2.dir/C_/VSARM/sdk/pico/pico-sdk/src/common/pico_util/datetime.c.obj
LOAD CMakeFiles/modbus_v2.dir/C_/VSARM/sdk/pico/pico-sdk/src/common/pico_util/pheap.c.obj
LOAD CMakeFiles/modbus_v2.dir/C_/VSARM/sdk/pico/pico-sdk/src/common/pico_util/queue.c.obj
LOAD CMakeFiles/modbus_v2.dir/C_/VSARM/sdk/pico/pico-sdk/src/common/pico_sync/mutex.c.obj
LOAD CMakeFiles/modbus_v2.dir/C_/VSARM/sdk/pico/pico-sdk/src/common/pico_sync/critical_section.c.obj
LOAD CMakeFiles/modbus_v2.dir/C_/VSARM/sdk/pico/pico-sdk/src/rp2_common/hardware_uart/uart.c.obj
LOAD CMakeFiles/modbus_v2.dir/C_/VSARM/sdk/pico/pico-sdk/src/rp2_common/hardware_divider/divider.S.obj
LOAD CMakeFiles/modbus_v2.dir/C_/VSARM/sdk/pico/pico-sdk/src/rp2_common/pico_runtime/runtime.c.obj
LOAD CMakeFiles/modbus_v2.dir/C_/VSARM/sdk/pico/pico-sdk/src/rp2_common/hardware_clocks/clocks.c.obj
LOAD CMakeFiles/modbus_v2.dir/C_/VSARM/sdk/pico/pico-sdk/src/rp2_common/hardware_pll/pll.c.obj
LOAD CMakeFiles/modbus_v2.dir/C_/VSARM/sdk/pico/pico-sdk/src/rp2_common/hardware_vreg/vreg.c.obj
LOAD CMakeFiles/modbus_v2.dir/C_/VSARM/sdk/pico/pico-sdk/src/rp2_common/hardware_watchdog/watchdog.c.obj
LOAD CMakeFiles/modbus_v2.dir/C_/VSARM/sdk/pico/pico-sdk/src/rp2_common/hardware_xosc/xosc.c.obj
LOAD CMakeFiles/modbus_v2.dir/C_/VSARM/sdk/pico/pico-sdk/src/rp2_common/pico_printf/printf.c.obj
LOAD CMakeFiles/modbus_v2.dir/C_/VSARM/sdk/pico/pico-sdk/src/rp2_common/pico_bit_ops/bit_ops_aeabi.S.obj
LOAD CMakeFiles/modbus_v2.dir/C_/VSARM/sdk/pico/pico-sdk/src/rp2_common/pico_bootrom/bootrom.c.obj
LOAD CMakeFiles/modbus_v2.dir/C_/VSARM/sdk/pico/pico-sdk/src/rp2_common/pico_divider/divider.S.obj
LOAD CMakeFiles/modbus_v2.dir/C_/VSARM/sdk/pico/pico-sdk/src/rp2_common/pico_double/double_aeabi.S.obj
LOAD CMakeFiles/modbus_v2.dir/C_/VSARM/sdk/pico/pico-sdk/src/rp2_common/pico_double/double_init_rom.c.obj
LOAD CMakeFiles/modbus_v2.dir/C_/VSARM/sdk/pico/pico-sdk/src/rp2_common/pico_double/double_math.c.obj
LOAD CMakeFiles/modbus_v2.dir/C_/VSARM/sdk/pico/pico-sdk/src/rp2_common/pico_double/double_v1_rom_shim.S.obj
LOAD CMakeFiles/modbus_v2.dir/C_/VSARM/sdk/pico/pico-sdk/src/rp2_common/pico_int64_ops/pico_int64_ops_aeabi.S.obj
LOAD CMakeFiles/modbus_v2.dir/C_/VSARM/sdk/pico/pico-sdk/src/rp2_common/pico_float/float_aeabi.S.obj
LOAD CMakeFiles/modbus_v2.dir/C_/VSARM/sdk/pico/pico-sdk/src/rp2_common/pico_float/float_init_rom.c.obj
LOAD CMakeFiles/modbus_v2.dir/C_/VSARM/sdk/pico/pico-sdk/src/rp2_common/pico_float/float_math.c.obj
LOAD CMakeFiles/modbus_v2.dir/C_/VSARM/sdk/pico/pico-sdk/src/rp2_common/pico_float/float_v1_rom_shim.S.obj
LOAD CMakeFiles/modbus_v2.dir/C_/VSARM/sdk/pico/pico-sdk/src/rp2_common/pico_malloc/pico_malloc.c.obj
LOAD CMakeFiles/modbus_v2.dir/C_/VSARM/sdk/pico/pico-sdk/src/rp2_common/pico_mem_ops/mem_ops_aeabi.S.obj
LOAD CMakeFiles/modbus_v2.dir/C_/VSARM/sdk/pico/pico-sdk/src/rp2_common/pico_standard_link/crt0.S.obj
LOAD CMakeFiles/modbus_v2.dir/C_/VSARM/sdk/pico/pico-sdk/src/rp2_common/pico_standard_link/new_delete.cpp.obj
LOAD CMakeFiles/modbus_v2.dir/C_/VSARM/sdk/pico/pico-sdk/src/rp2_common/pico_standard_link/binary_info.c.obj
LOAD CMakeFiles/modbus_v2.dir/C_/VSARM/sdk/pico/pico-sdk/src/rp2_common/pico_stdio/stdio.c.obj
LOAD CMakeFiles/modbus_v2.dir/C_/VSARM/sdk/pico/pico-sdk/src/rp2_common/pico_stdio_uart/stdio_uart.c.obj
LOAD C:\Users\vodg\AppData\Local\Temp\ccU4XjAH.o
LOAD c:/vsarm/armcc/102021~1.10/bin/../lib/gcc/arm-none-eabi/10.3.1/../../../../arm-none-eabi/lib/thumb/v6-m/nofp\libstdc++.a
LOAD c:/vsarm/armcc/102021~1.10/bin/../lib/gcc/arm-none-eabi/10.3.1/../../../../arm-none-eabi/lib/thumb/v6-m/nofp\libm.a
START GROUP
LOAD c:/vsarm/armcc/102021~1.10/bin/../lib/gcc/arm-none-eabi/10.3.1/thumb/v6-m/nofp\libgcc.a
LOAD c:/vsarm/armcc/102021~1.10/bin/../lib/gcc/arm-none-eabi/10.3.1/../../../../arm-none-eabi/lib/thumb/v6-m/nofp\libg.a
LOAD c:/vsarm/armcc/102021~1.10/bin/../lib/gcc/arm-none-eabi/10.3.1/../../../../arm-none-eabi/lib/thumb/v6-m/nofp\libc.a
END GROUP
START GROUP
LOAD c:/vsarm/armcc/102021~1.10/bin/../lib/gcc/arm-none-eabi/10.3.1/thumb/v6-m/nofp\libgcc.a
LOAD c:/vsarm/armcc/102021~1.10/bin/../lib/gcc/arm-none-eabi/10.3.1/../../../../arm-none-eabi/lib/thumb/v6-m/nofp\libc.a
LOAD c:/vsarm/armcc/102021~1.10/bin/../lib/gcc/arm-none-eabi/10.3.1/../../../../arm-none-eabi/lib/thumb/v6-m/nofp\libnosys.a
END GROUP
LOAD c:/vsarm/armcc/102021~1.10/bin/../lib/gcc/arm-none-eabi/10.3.1/thumb/v6-m/nofp/crtend.o
LOAD c:/vsarm/armcc/102021~1.10/bin/../lib/gcc/arm-none-eabi/10.3.1/thumb/v6-m/nofp/crtn.o
OUTPUT(modbus_v2.elf elf32-littlearm)
LOAD linker stubs

.ARM.attributes
                0x00000000       0x28
 .ARM.attributes
                0x00000000       0x1e c:/vsarm/armcc/102021~1.10/bin/../lib/gcc/arm-none-eabi/10.3.1/thumb/v6-m/nofp/crti.o
 .ARM.attributes
                0x0000001e       0x2c c:/vsarm/armcc/102021~1.10/bin/../lib/gcc/arm-none-eabi/10.3.1/thumb/v6-m/nofp/crtbegin.o
 .ARM.attributes
                0x0000004a       0x2c CMakeFiles/modbus_v2.dir/main.cpp.obj
 .ARM.attributes
                0x00000076       0x2c CMakeFiles/modbus_v2.dir/modbus.cpp.obj
 .ARM.attributes
                0x000000a2       0x2c CMakeFiles/modbus_v2.dir/C_/VSARM/sdk/pico/pico-sdk/src/rp2_common/hardware_gpio/gpio.c.obj
 .ARM.attributes
                0x000000ce       0x2c CMakeFiles/modbus_v2.dir/C_/VSARM/sdk/pico/pico-sdk/src/rp2_common/hardware_claim/claim.c.obj
 .ARM.attributes
                0x000000fa       0x2c CMakeFiles/modbus_v2.dir/C_/VSARM/sdk/pico/pico-sdk/src/rp2_common/pico_platform/platform.c.obj
 .ARM.attributes
                0x00000126       0x2c CMakeFiles/modbus_v2.dir/C_/VSARM/sdk/pico/pico-sdk/src/rp2_common/hardware_sync/sync.c.obj
 .ARM.attributes
                0x00000152       0x2c CMakeFiles/modbus_v2.dir/C_/VSARM/sdk/pico/pico-sdk/src/rp2_common/hardware_irq/irq.c.obj
 .ARM.attributes
                0x0000017e       0x22 CMakeFiles/modbus_v2.dir/C_/VSARM/sdk/pico/pico-sdk/src/rp2_common/hardware_irq/irq_handler_chain.S.obj
 .ARM.attributes
                0x000001a0       0x2c CMakeFiles/modbus_v2.dir/C_/VSARM/sdk/pico/pico-sdk/src/common/pico_sync/lock_core.c.obj
 .ARM.attributes
                0x000001cc       0x2c CMakeFiles/modbus_v2.dir/C_/VSARM/sdk/pico/pico-sdk/src/common/pico_time/time.c.obj
 .ARM.attributes
                0x000001f8       0x2c CMakeFiles/modbus_v2.dir/C_/VSARM/sdk/pico/pico-sdk/src/rp2_common/hardware_timer/timer.c.obj
 .ARM.attributes
                0x00000224       0x2c CMakeFiles/modbus_v2.dir/C_/VSARM/sdk/pico/pico-sdk/src/common/pico_util/pheap.c.obj
 .ARM.attributes
                0x00000250       0x2c CMakeFiles/modbus_v2.dir/C_/VSARM/sdk/pico/pico-sdk/src/common/pico_sync/mutex.c.obj
 .ARM.attributes
                0x0000027c       0x2c CMakeFiles/modbus_v2.dir/C_/VSARM/sdk/pico/pico-sdk/src/rp2_common/hardware_uart/uart.c.obj
 .ARM.attributes
                0x000002a8       0x2c CMakeFiles/modbus_v2.dir/C_/VSARM/sdk/pico/pico-sdk/src/rp2_common/pico_runtime/runtime.c.obj
 .ARM.attributes
                0x000002d4       0x2c CMakeFiles/modbus_v2.dir/C_/VSARM/sdk/pico/pico-sdk/src/rp2_common/hardware_clocks/clocks.c.obj
 .ARM.attributes
                0x00000300       0x2c CMakeFiles/modbus_v2.dir/C_/VSARM/sdk/pico/pico-sdk/src/rp2_common/hardware_pll/pll.c.obj
 .ARM.attributes
                0x0000032c       0x2c CMakeFiles/modbus_v2.dir/C_/VSARM/sdk/pico/pico-sdk/src/rp2_common/hardware_watchdog/watchdog.c.obj
 .ARM.attributes
                0x00000358       0x2c CMakeFiles/modbus_v2.dir/C_/VSARM/sdk/pico/pico-sdk/src/rp2_common/hardware_xosc/xosc.c.obj
 .ARM.attributes
                0x00000384       0x2c CMakeFiles/modbus_v2.dir/C_/VSARM/sdk/pico/pico-sdk/src/rp2_common/pico_printf/printf.c.obj
 .ARM.attributes
                0x000003b0       0x22 CMakeFiles/modbus_v2.dir/C_/VSARM/sdk/pico/pico-sdk/src/rp2_common/pico_bit_ops/bit_ops_aeabi.S.obj
 .ARM.attributes
                0x000003d2       0x2c CMakeFiles/modbus_v2.dir/C_/VSARM/sdk/pico/pico-sdk/src/rp2_common/pico_bootrom/bootrom.c.obj
 .ARM.attributes
                0x000003fe       0x22 CMakeFiles/modbus_v2.dir/C_/VSARM/sdk/pico/pico-sdk/src/rp2_common/pico_divider/divider.S.obj
 .ARM.attributes
                0x00000420       0x22 CMakeFiles/modbus_v2.dir/C_/VSARM/sdk/pico/pico-sdk/src/rp2_common/pico_double/double_aeabi.S.obj
 .ARM.attributes
                0x00000442       0x2c CMakeFiles/modbus_v2.dir/C_/VSARM/sdk/pico/pico-sdk/src/rp2_common/pico_double/double_init_rom.c.obj
 .ARM.attributes
                0x0000046e       0x22 CMakeFiles/modbus_v2.dir/C_/VSARM/sdk/pico/pico-sdk/src/rp2_common/pico_double/double_v1_rom_shim.S.obj
 .ARM.attributes
                0x00000490       0x22 CMakeFiles/modbus_v2.dir/C_/VSARM/sdk/pico/pico-sdk/src/rp2_common/pico_float/float_aeabi.S.obj
 .ARM.attributes
                0x000004b2       0x2c CMakeFiles/modbus_v2.dir/C_/VSARM/sdk/pico/pico-sdk/src/rp2_common/pico_float/float_init_rom.c.obj
 .ARM.attributes
                0x000004de       0x22 CMakeFiles/modbus_v2.dir/C_/VSARM/sdk/pico/pico-sdk/src/rp2_common/pico_float/float_v1_rom_shim.S.obj
 .ARM.attributes
                0x00000500       0x22 CMakeFiles/modbus_v2.dir/C_/VSARM/sdk/pico/pico-sdk/src/rp2_common/pico_mem_ops/mem_ops_aeabi.S.obj
 .ARM.attributes
                0x00000522       0x22 CMakeFiles/modbus_v2.dir/C_/VSARM/sdk/pico/pico-sdk/src/rp2_common/pico_standard_link/crt0.S.obj
 .ARM.attributes
                0x00000544       0x2c CMakeFiles/modbus_v2.dir/C_/VSARM/sdk/pico/pico-sdk/src/rp2_common/pico_standard_link/binary_info.c.obj
 .ARM.attributes
                0x00000570       0x2c CMakeFiles/modbus_v2.dir/C_/VSARM/sdk/pico/pico-sdk/src/rp2_common/pico_stdio/stdio.c.obj
 .ARM.attributes
                0x0000059c       0x2c CMakeFiles/modbus_v2.dir/C_/VSARM/sdk/pico/pico-sdk/src/rp2_common/pico_stdio_uart/stdio_uart.c.obj
 .ARM.attributes
                0x000005c8       0x22 C:\Users\vodg\AppData\Local\Temp\ccU4XjAH.o
 .ARM.attributes
                0x000005ea       0x1e c:/vsarm/armcc/102021~1.10/bin/../lib/gcc/arm-none-eabi/10.3.1/thumb/v6-m/nofp\libgcc.a(_dvmd_tls.o)
 .ARM.attributes
                0x00000608       0x2c c:/vsarm/armcc/102021~1.10/bin/../lib/gcc/arm-none-eabi/10.3.1/../../../../arm-none-eabi/lib/thumb/v6-m/nofp\libg.a(lib_a-memcmp.o)
 .ARM.attributes
                0x00000634       0x2c c:/vsarm/armcc/102021~1.10/bin/../lib/gcc/arm-none-eabi/10.3.1/../../../../arm-none-eabi/lib/thumb/v6-m/nofp\libg.a(lib_a-strlen-stub.o)

.comment        0x00000000       0x49
 .comment       0x00000000       0x49 CMakeFiles/modbus_v2.dir/main.cpp.obj
                                 0x4a (size before relaxing)
 .comment       0x00000049       0x4a CMakeFiles/modbus_v2.dir/modbus.cpp.obj
 .comment       0x00000049       0x4a CMakeFiles/modbus_v2.dir/C_/VSARM/sdk/pico/pico-sdk/src/rp2_common/hardware_gpio/gpio.c.obj
 .comment       0x00000049       0x4a CMakeFiles/modbus_v2.dir/C_/VSARM/sdk/pico/pico-sdk/src/rp2_common/hardware_claim/claim.c.obj
 .comment       0x00000049       0x4a CMakeFiles/modbus_v2.dir/C_/VSARM/sdk/pico/pico-sdk/src/rp2_common/pico_platform/platform.c.obj
 .comment       0x00000049       0x4a CMakeFiles/modbus_v2.dir/C_/VSARM/sdk/pico/pico-sdk/src/rp2_common/hardware_sync/sync.c.obj
 .comment       0x00000049       0x4a CMakeFiles/modbus_v2.dir/C_/VSARM/sdk/pico/pico-sdk/src/rp2_common/hardware_irq/irq.c.obj
 .comment       0x00000049       0x4a CMakeFiles/modbus_v2.dir/C_/VSARM/sdk/pico/pico-sdk/src/common/pico_sync/lock_core.c.obj
 .comment       0x00000049       0x4a CMakeFiles/modbus_v2.dir/C_/VSARM/sdk/pico/pico-sdk/src/common/pico_time/time.c.obj
 .comment       0x00000049       0x4a CMakeFiles/modbus_v2.dir/C_/VSARM/sdk/pico/pico-sdk/src/rp2_common/hardware_timer/timer.c.obj
 .comment       0x00000049       0x4a CMakeFiles/modbus_v2.dir/C_/VSARM/sdk/pico/pico-sdk/src/common/pico_util/pheap.c.obj
 .comment       0x00000049       0x4a CMakeFiles/modbus_v2.dir/C_/VSARM/sdk/pico/pico-sdk/src/common/pico_sync/mutex.c.obj
 .comment       0x00000049       0x4a CMakeFiles/modbus_v2.dir/C_/VSARM/sdk/pico/pico-sdk/src/rp2_common/hardware_uart/uart.c.obj
 .comment       0x00000049       0x4a CMakeFiles/modbus_v2.dir/C_/VSARM/sdk/pico/pico-sdk/src/rp2_common/pico_runtime/runtime.c.obj
 .comment       0x00000049       0x4a CMakeFiles/modbus_v2.dir/C_/VSARM/sdk/pico/pico-sdk/src/rp2_common/hardware_clocks/clocks.c.obj
 .comment       0x00000049       0x4a CMakeFiles/modbus_v2.dir/C_/VSARM/sdk/pico/pico-sdk/src/rp2_common/hardware_pll/pll.c.obj
 .comment       0x00000049       0x4a CMakeFiles/modbus_v2.dir/C_/VSARM/sdk/pico/pico-sdk/src/rp2_common/hardware_watchdog/watchdog.c.obj
 .comment       0x00000049       0x4a CMakeFiles/modbus_v2.dir/C_/VSARM/sdk/pico/pico-sdk/src/rp2_common/hardware_xosc/xosc.c.obj
 .comment       0x00000049       0x4a CMakeFiles/modbus_v2.dir/C_/VSARM/sdk/pico/pico-sdk/src/rp2_common/pico_printf/printf.c.obj
 .comment       0x00000049       0x4a CMakeFiles/modbus_v2.dir/C_/VSARM/sdk/pico/pico-sdk/src/rp2_common/pico_bootrom/bootrom.c.obj
 .comment       0x00000049       0x4a CMakeFiles/modbus_v2.dir/C_/VSARM/sdk/pico/pico-sdk/src/rp2_common/pico_double/double_init_rom.c.obj
 .comment       0x00000049       0x4a CMakeFiles/modbus_v2.dir/C_/VSARM/sdk/pico/pico-sdk/src/rp2_common/pico_float/float_init_rom.c.obj
 .comment       0x00000049       0x4a CMakeFiles/modbus_v2.dir/C_/VSARM/sdk/pico/pico-sdk/src/rp2_common/pico_standard_link/binary_info.c.obj
 .comment       0x00000049       0x4a CMakeFiles/modbus_v2.dir/C_/VSARM/sdk/pico/pico-sdk/src/rp2_common/pico_stdio/stdio.c.obj
 .comment       0x00000049       0x4a CMakeFiles/modbus_v2.dir/C_/VSARM/sdk/pico/pico-sdk/src/rp2_common/pico_stdio_uart/stdio_uart.c.obj

.debug_info     0x00000000    0x152e8
 .debug_info    0x00000000     0x1086 CMakeFiles/modbus_v2.dir/main.cpp.obj
 .debug_info    0x00001086      0x994 CMakeFiles/modbus_v2.dir/modbus.cpp.obj
 .debug_info    0x00001a1a     0x16d7 CMakeFiles/modbus_v2.dir/C_/VSARM/sdk/pico/pico-sdk/src/rp2_common/hardware_gpio/gpio.c.obj
 .debug_info    0x000030f1      0x6bb CMakeFiles/modbus_v2.dir/C_/VSARM/sdk/pico/pico-sdk/src/rp2_common/hardware_claim/claim.c.obj
 .debug_info    0x000037ac      0x1e3 CMakeFiles/modbus_v2.dir/C_/VSARM/sdk/pico/pico-sdk/src/rp2_common/pico_platform/platform.c.obj
 .debug_info    0x0000398f      0x58e CMakeFiles/modbus_v2.dir/C_/VSARM/sdk/pico/pico-sdk/src/rp2_common/hardware_sync/sync.c.obj
 .debug_info    0x00003f1d     0x1c49 CMakeFiles/modbus_v2.dir/C_/VSARM/sdk/pico/pico-sdk/src/rp2_common/hardware_irq/irq.c.obj
 .debug_info    0x00005b66      0x1a4 CMakeFiles/modbus_v2.dir/C_/VSARM/sdk/pico/pico-sdk/src/common/pico_sync/lock_core.c.obj
 .debug_info    0x00005d0a     0x3b3b CMakeFiles/modbus_v2.dir/C_/VSARM/sdk/pico/pico-sdk/src/common/pico_time/time.c.obj
 .debug_info    0x00009845     0x1134 CMakeFiles/modbus_v2.dir/C_/VSARM/sdk/pico/pico-sdk/src/rp2_common/hardware_timer/timer.c.obj
 .debug_info    0x0000a979     0x120c CMakeFiles/modbus_v2.dir/C_/VSARM/sdk/pico/pico-sdk/src/common/pico_util/pheap.c.obj
 .debug_info    0x0000bb85     0x2022 CMakeFiles/modbus_v2.dir/C_/VSARM/sdk/pico/pico-sdk/src/common/pico_sync/mutex.c.obj
 .debug_info    0x0000dba7      0xb65 CMakeFiles/modbus_v2.dir/C_/VSARM/sdk/pico/pico-sdk/src/rp2_common/hardware_uart/uart.c.obj
 .debug_info    0x0000e70c      0xa87 CMakeFiles/modbus_v2.dir/C_/VSARM/sdk/pico/pico-sdk/src/rp2_common/pico_runtime/runtime.c.obj
 .debug_info    0x0000f193      0xf63 CMakeFiles/modbus_v2.dir/C_/VSARM/sdk/pico/pico-sdk/src/rp2_common/hardware_clocks/clocks.c.obj
 .debug_info    0x000100f6      0x54a CMakeFiles/modbus_v2.dir/C_/VSARM/sdk/pico/pico-sdk/src/rp2_common/hardware_pll/pll.c.obj
 .debug_info    0x00010640      0x4ee CMakeFiles/modbus_v2.dir/C_/VSARM/sdk/pico/pico-sdk/src/rp2_common/hardware_watchdog/watchdog.c.obj
 .debug_info    0x00010b2e      0x1d8 CMakeFiles/modbus_v2.dir/C_/VSARM/sdk/pico/pico-sdk/src/rp2_common/hardware_xosc/xosc.c.obj
 .debug_info    0x00010d06     0x1a5f CMakeFiles/modbus_v2.dir/C_/VSARM/sdk/pico/pico-sdk/src/rp2_common/pico_printf/printf.c.obj
 .debug_info    0x00012765       0x22 CMakeFiles/modbus_v2.dir/C_/VSARM/sdk/pico/pico-sdk/src/rp2_common/pico_bit_ops/bit_ops_aeabi.S.obj
 .debug_info    0x00012787      0x27c CMakeFiles/modbus_v2.dir/C_/VSARM/sdk/pico/pico-sdk/src/rp2_common/pico_bootrom/bootrom.c.obj
 .debug_info    0x00012a03       0x22 CMakeFiles/modbus_v2.dir/C_/VSARM/sdk/pico/pico-sdk/src/rp2_common/pico_divider/divider.S.obj
 .debug_info    0x00012a25       0x22 CMakeFiles/modbus_v2.dir/C_/VSARM/sdk/pico/pico-sdk/src/rp2_common/pico_double/double_aeabi.S.obj
 .debug_info    0x00012a47      0x2d1 CMakeFiles/modbus_v2.dir/C_/VSARM/sdk/pico/pico-sdk/src/rp2_common/pico_double/double_init_rom.c.obj
 .debug_info    0x00012d18       0x22 CMakeFiles/modbus_v2.dir/C_/VSARM/sdk/pico/pico-sdk/src/rp2_common/pico_double/double_v1_rom_shim.S.obj
 .debug_info    0x00012d3a       0x22 CMakeFiles/modbus_v2.dir/C_/VSARM/sdk/pico/pico-sdk/src/rp2_common/pico_float/float_aeabi.S.obj
 .debug_info    0x00012d5c      0x2eb CMakeFiles/modbus_v2.dir/C_/VSARM/sdk/pico/pico-sdk/src/rp2_common/pico_float/float_init_rom.c.obj
 .debug_info    0x00013047       0x22 CMakeFiles/modbus_v2.dir/C_/VSARM/sdk/pico/pico-sdk/src/rp2_common/pico_float/float_v1_rom_shim.S.obj
 .debug_info    0x00013069       0x22 CMakeFiles/modbus_v2.dir/C_/VSARM/sdk/pico/pico-sdk/src/rp2_common/pico_mem_ops/mem_ops_aeabi.S.obj
 .debug_info    0x0001308b       0x22 CMakeFiles/modbus_v2.dir/C_/VSARM/sdk/pico/pico-sdk/src/rp2_common/pico_standard_link/crt0.S.obj
 .debug_info    0x000130ad      0x2f6 CMakeFiles/modbus_v2.dir/C_/VSARM/sdk/pico/pico-sdk/src/rp2_common/pico_standard_link/binary_info.c.obj
 .debug_info    0x000133a3     0x12ee CMakeFiles/modbus_v2.dir/C_/VSARM/sdk/pico/pico-sdk/src/rp2_common/pico_stdio/stdio.c.obj
 .debug_info    0x00014691      0xc57 CMakeFiles/modbus_v2.dir/C_/VSARM/sdk/pico/pico-sdk/src/rp2_common/pico_stdio_uart/stdio_uart.c.obj

.debug_abbrev   0x00000000     0x4435
 .debug_abbrev  0x00000000      0x36d CMakeFiles/modbus_v2.dir/main.cpp.obj
 .debug_abbrev  0x0000036d      0x2bc CMakeFiles/modbus_v2.dir/modbus.cpp.obj
 .debug_abbrev  0x00000629      0x326 CMakeFiles/modbus_v2.dir/C_/VSARM/sdk/pico/pico-sdk/src/rp2_common/hardware_gpio/gpio.c.obj
 .debug_abbrev  0x0000094f      0x2e9 CMakeFiles/modbus_v2.dir/C_/VSARM/sdk/pico/pico-sdk/src/rp2_common/hardware_claim/claim.c.obj
 .debug_abbrev  0x00000c38       0xeb CMakeFiles/modbus_v2.dir/C_/VSARM/sdk/pico/pico-sdk/src/rp2_common/pico_platform/platform.c.obj
 .debug_abbrev  0x00000d23      0x21b CMakeFiles/modbus_v2.dir/C_/VSARM/sdk/pico/pico-sdk/src/rp2_common/hardware_sync/sync.c.obj
 .debug_abbrev  0x00000f3e      0x4fc CMakeFiles/modbus_v2.dir/C_/VSARM/sdk/pico/pico-sdk/src/rp2_common/hardware_irq/irq.c.obj
 .debug_abbrev  0x0000143a      0x116 CMakeFiles/modbus_v2.dir/C_/VSARM/sdk/pico/pico-sdk/src/common/pico_sync/lock_core.c.obj
 .debug_abbrev  0x00001550      0x54d CMakeFiles/modbus_v2.dir/C_/VSARM/sdk/pico/pico-sdk/src/common/pico_time/time.c.obj
 .debug_abbrev  0x00001a9d      0x3a2 CMakeFiles/modbus_v2.dir/C_/VSARM/sdk/pico/pico-sdk/src/rp2_common/hardware_timer/timer.c.obj
 .debug_abbrev  0x00001e3f      0x297 CMakeFiles/modbus_v2.dir/C_/VSARM/sdk/pico/pico-sdk/src/common/pico_util/pheap.c.obj
 .debug_abbrev  0x000020d6      0x386 CMakeFiles/modbus_v2.dir/C_/VSARM/sdk/pico/pico-sdk/src/common/pico_sync/mutex.c.obj
 .debug_abbrev  0x0000245c      0x2d2 CMakeFiles/modbus_v2.dir/C_/VSARM/sdk/pico/pico-sdk/src/rp2_common/hardware_uart/uart.c.obj
 .debug_abbrev  0x0000272e      0x3aa CMakeFiles/modbus_v2.dir/C_/VSARM/sdk/pico/pico-sdk/src/rp2_common/pico_runtime/runtime.c.obj
 .debug_abbrev  0x00002ad8      0x3a5 CMakeFiles/modbus_v2.dir/C_/VSARM/sdk/pico/pico-sdk/src/rp2_common/hardware_clocks/clocks.c.obj
 .debug_abbrev  0x00002e7d      0x1ea CMakeFiles/modbus_v2.dir/C_/VSARM/sdk/pico/pico-sdk/src/rp2_common/hardware_pll/pll.c.obj
 .debug_abbrev  0x00003067      0x1a8 CMakeFiles/modbus_v2.dir/C_/VSARM/sdk/pico/pico-sdk/src/rp2_common/hardware_watchdog/watchdog.c.obj
 .debug_abbrev  0x0000320f      0x109 CMakeFiles/modbus_v2.dir/C_/VSARM/sdk/pico/pico-sdk/src/rp2_common/hardware_xosc/xosc.c.obj
 .debug_abbrev  0x00003318      0x384 CMakeFiles/modbus_v2.dir/C_/VSARM/sdk/pico/pico-sdk/src/rp2_common/pico_printf/printf.c.obj
 .debug_abbrev  0x0000369c       0x12 CMakeFiles/modbus_v2.dir/C_/VSARM/sdk/pico/pico-sdk/src/rp2_common/pico_bit_ops/bit_ops_aeabi.S.obj
 .debug_abbrev  0x000036ae      0x13b CMakeFiles/modbus_v2.dir/C_/VSARM/sdk/pico/pico-sdk/src/rp2_common/pico_bootrom/bootrom.c.obj
 .debug_abbrev  0x000037e9       0x12 CMakeFiles/modbus_v2.dir/C_/VSARM/sdk/pico/pico-sdk/src/rp2_common/pico_divider/divider.S.obj
 .debug_abbrev  0x000037fb       0x12 CMakeFiles/modbus_v2.dir/C_/VSARM/sdk/pico/pico-sdk/src/rp2_common/pico_double/double_aeabi.S.obj
 .debug_abbrev  0x0000380d      0x179 CMakeFiles/modbus_v2.dir/C_/VSARM/sdk/pico/pico-sdk/src/rp2_common/pico_double/double_init_rom.c.obj
 .debug_abbrev  0x00003986       0x12 CMakeFiles/modbus_v2.dir/C_/VSARM/sdk/pico/pico-sdk/src/rp2_common/pico_double/double_v1_rom_shim.S.obj
 .debug_abbrev  0x00003998       0x12 CMakeFiles/modbus_v2.dir/C_/VSARM/sdk/pico/pico-sdk/src/rp2_common/pico_float/float_aeabi.S.obj
 .debug_abbrev  0x000039aa      0x18c CMakeFiles/modbus_v2.dir/C_/VSARM/sdk/pico/pico-sdk/src/rp2_common/pico_float/float_init_rom.c.obj
 .debug_abbrev  0x00003b36       0x12 CMakeFiles/modbus_v2.dir/C_/VSARM/sdk/pico/pico-sdk/src/rp2_common/pico_float/float_v1_rom_shim.S.obj
 .debug_abbrev  0x00003b48       0x12 CMakeFiles/modbus_v2.dir/C_/VSARM/sdk/pico/pico-sdk/src/rp2_common/pico_mem_ops/mem_ops_aeabi.S.obj
 .debug_abbrev  0x00003b5a       0x12 CMakeFiles/modbus_v2.dir/C_/VSARM/sdk/pico/pico-sdk/src/rp2_common/pico_standard_link/crt0.S.obj
 .debug_abbrev  0x00003b6c       0xad CMakeFiles/modbus_v2.dir/C_/VSARM/sdk/pico/pico-sdk/src/rp2_common/pico_standard_link/binary_info.c.obj
 .debug_abbrev  0x00003c19      0x4a9 CMakeFiles/modbus_v2.dir/C_/VSARM/sdk/pico/pico-sdk/src/rp2_common/pico_stdio/stdio.c.obj
 .debug_abbrev  0x000040c2      0x373 CMakeFiles/modbus_v2.dir/C_/VSARM/sdk/pico/pico-sdk/src/rp2_common/pico_stdio_uart/stdio_uart.c.obj

.debug_loc      0x00000000     0xe36c
 .debug_loc     0x00000000      0x58b CMakeFiles/modbus_v2.dir/main.cpp.obj
 .debug_loc     0x0000058b      0x5a6 CMakeFiles/modbus_v2.dir/modbus.cpp.obj
 .debug_loc     0x00000b31     0x118d CMakeFiles/modbus_v2.dir/C_/VSARM/sdk/pico/pico-sdk/src/rp2_common/hardware_gpio/gpio.c.obj
 .debug_loc     0x00001cbe      0x45f CMakeFiles/modbus_v2.dir/C_/VSARM/sdk/pico/pico-sdk/src/rp2_common/hardware_claim/claim.c.obj
 .debug_loc     0x0000211d       0xe9 CMakeFiles/modbus_v2.dir/C_/VSARM/sdk/pico/pico-sdk/src/rp2_common/pico_platform/platform.c.obj
 .debug_loc     0x00002206      0x233 CMakeFiles/modbus_v2.dir/C_/VSARM/sdk/pico/pico-sdk/src/rp2_common/hardware_sync/sync.c.obj
 .debug_loc     0x00002439     0x1365 CMakeFiles/modbus_v2.dir/C_/VSARM/sdk/pico/pico-sdk/src/rp2_common/hardware_irq/irq.c.obj
 .debug_loc     0x0000379e       0x60 CMakeFiles/modbus_v2.dir/C_/VSARM/sdk/pico/pico-sdk/src/common/pico_sync/lock_core.c.obj
 .debug_loc     0x000037fe     0x2e2a CMakeFiles/modbus_v2.dir/C_/VSARM/sdk/pico/pico-sdk/src/common/pico_time/time.c.obj
 .debug_loc     0x00006628      0x952 CMakeFiles/modbus_v2.dir/C_/VSARM/sdk/pico/pico-sdk/src/rp2_common/hardware_timer/timer.c.obj
 .debug_loc     0x00006f7a     0x1439 CMakeFiles/modbus_v2.dir/C_/VSARM/sdk/pico/pico-sdk/src/common/pico_util/pheap.c.obj
 .debug_loc     0x000083b3     0x1469 CMakeFiles/modbus_v2.dir/C_/VSARM/sdk/pico/pico-sdk/src/common/pico_sync/mutex.c.obj
 .debug_loc     0x0000981c      0x520 CMakeFiles/modbus_v2.dir/C_/VSARM/sdk/pico/pico-sdk/src/rp2_common/hardware_uart/uart.c.obj
 .debug_loc     0x00009d3c      0x3f0 CMakeFiles/modbus_v2.dir/C_/VSARM/sdk/pico/pico-sdk/src/rp2_common/pico_runtime/runtime.c.obj
 .debug_loc     0x0000a12c      0x7eb CMakeFiles/modbus_v2.dir/C_/VSARM/sdk/pico/pico-sdk/src/rp2_common/hardware_clocks/clocks.c.obj
 .debug_loc     0x0000a917      0x32f CMakeFiles/modbus_v2.dir/C_/VSARM/sdk/pico/pico-sdk/src/rp2_common/hardware_pll/pll.c.obj
 .debug_loc     0x0000ac46      0x2ec CMakeFiles/modbus_v2.dir/C_/VSARM/sdk/pico/pico-sdk/src/rp2_common/hardware_watchdog/watchdog.c.obj
 .debug_loc     0x0000af32       0x71 CMakeFiles/modbus_v2.dir/C_/VSARM/sdk/pico/pico-sdk/src/rp2_common/hardware_xosc/xosc.c.obj
 .debug_loc     0x0000afa3     0x2095 CMakeFiles/modbus_v2.dir/C_/VSARM/sdk/pico/pico-sdk/src/rp2_common/pico_printf/printf.c.obj
 .debug_loc     0x0000d038      0x1a1 CMakeFiles/modbus_v2.dir/C_/VSARM/sdk/pico/pico-sdk/src/rp2_common/pico_bootrom/bootrom.c.obj
 .debug_loc     0x0000d1d9       0x59 CMakeFiles/modbus_v2.dir/C_/VSARM/sdk/pico/pico-sdk/src/rp2_common/pico_double/double_init_rom.c.obj
 .debug_loc     0x0000d232       0x73 CMakeFiles/modbus_v2.dir/C_/VSARM/sdk/pico/pico-sdk/src/rp2_common/pico_float/float_init_rom.c.obj
 .debug_loc     0x0000d2a5      0xb7b CMakeFiles/modbus_v2.dir/C_/VSARM/sdk/pico/pico-sdk/src/rp2_common/pico_stdio/stdio.c.obj
 .debug_loc     0x0000de20      0x54c CMakeFiles/modbus_v2.dir/C_/VSARM/sdk/pico/pico-sdk/src/rp2_common/pico_stdio_uart/stdio_uart.c.obj

.debug_aranges  0x00000000      0xe78
 .debug_aranges
                0x00000000       0x38 CMakeFiles/modbus_v2.dir/main.cpp.obj
 .debug_aranges
                0x00000038       0xc8 CMakeFiles/modbus_v2.dir/modbus.cpp.obj
 .debug_aranges
                0x00000100      0x100 CMakeFiles/modbus_v2.dir/C_/VSARM/sdk/pico/pico-sdk/src/rp2_common/hardware_gpio/gpio.c.obj
 .debug_aranges
                0x00000200       0x48 CMakeFiles/modbus_v2.dir/C_/VSARM/sdk/pico/pico-sdk/src/rp2_common/hardware_claim/claim.c.obj
 .debug_aranges
                0x00000248       0x28 CMakeFiles/modbus_v2.dir/C_/VSARM/sdk/pico/pico-sdk/src/rp2_common/pico_platform/platform.c.obj
 .debug_aranges
                0x00000270       0x58 CMakeFiles/modbus_v2.dir/C_/VSARM/sdk/pico/pico-sdk/src/rp2_common/hardware_sync/sync.c.obj
 .debug_aranges
                0x000002c8       0xc8 CMakeFiles/modbus_v2.dir/C_/VSARM/sdk/pico/pico-sdk/src/rp2_common/hardware_irq/irq.c.obj
 .debug_aranges
                0x00000390       0x20 CMakeFiles/modbus_v2.dir/C_/VSARM/sdk/pico/pico-sdk/src/common/pico_sync/lock_core.c.obj
 .debug_aranges
                0x000003b0       0xd0 CMakeFiles/modbus_v2.dir/C_/VSARM/sdk/pico/pico-sdk/src/common/pico_time/time.c.obj
 .debug_aranges
                0x00000480       0x78 CMakeFiles/modbus_v2.dir/C_/VSARM/sdk/pico/pico-sdk/src/rp2_common/hardware_timer/timer.c.obj
 .debug_aranges
                0x000004f8       0x78 CMakeFiles/modbus_v2.dir/C_/VSARM/sdk/pico/pico-sdk/src/common/pico_util/pheap.c.obj
 .debug_aranges
                0x00000570       0x88 CMakeFiles/modbus_v2.dir/C_/VSARM/sdk/pico/pico-sdk/src/common/pico_sync/mutex.c.obj
 .debug_aranges
                0x000005f8       0x40 CMakeFiles/modbus_v2.dir/C_/VSARM/sdk/pico/pico-sdk/src/rp2_common/hardware_uart/uart.c.obj
 .debug_aranges
                0x00000638       0x60 CMakeFiles/modbus_v2.dir/C_/VSARM/sdk/pico/pico-sdk/src/rp2_common/pico_runtime/runtime.c.obj
 .debug_aranges
                0x00000698       0x70 CMakeFiles/modbus_v2.dir/C_/VSARM/sdk/pico/pico-sdk/src/rp2_common/hardware_clocks/clocks.c.obj
 .debug_aranges
                0x00000708       0x28 CMakeFiles/modbus_v2.dir/C_/VSARM/sdk/pico/pico-sdk/src/rp2_common/hardware_pll/pll.c.obj
 .debug_aranges
                0x00000730       0x58 CMakeFiles/modbus_v2.dir/C_/VSARM/sdk/pico/pico-sdk/src/rp2_common/hardware_watchdog/watchdog.c.obj
 .debug_aranges
                0x00000788       0x30 CMakeFiles/modbus_v2.dir/C_/VSARM/sdk/pico/pico-sdk/src/rp2_common/hardware_xosc/xosc.c.obj
 .debug_aranges
                0x000007b8       0x90 CMakeFiles/modbus_v2.dir/C_/VSARM/sdk/pico/pico-sdk/src/rp2_common/pico_printf/printf.c.obj
 .debug_aranges
                0x00000848       0x68 CMakeFiles/modbus_v2.dir/C_/VSARM/sdk/pico/pico-sdk/src/rp2_common/pico_bit_ops/bit_ops_aeabi.S.obj
 .debug_aranges
                0x000008b0       0x30 CMakeFiles/modbus_v2.dir/C_/VSARM/sdk/pico/pico-sdk/src/rp2_common/pico_bootrom/bootrom.c.obj
 .debug_aranges
                0x000008e0       0x40 CMakeFiles/modbus_v2.dir/C_/VSARM/sdk/pico/pico-sdk/src/rp2_common/pico_divider/divider.S.obj
 .debug_aranges
                0x00000920      0x140 CMakeFiles/modbus_v2.dir/C_/VSARM/sdk/pico/pico-sdk/src/rp2_common/pico_double/double_aeabi.S.obj
 .debug_aranges
                0x00000a60       0x20 CMakeFiles/modbus_v2.dir/C_/VSARM/sdk/pico/pico-sdk/src/rp2_common/pico_double/double_init_rom.c.obj
 .debug_aranges
                0x00000a80       0xc8 CMakeFiles/modbus_v2.dir/C_/VSARM/sdk/pico/pico-sdk/src/rp2_common/pico_double/double_v1_rom_shim.S.obj
 .debug_aranges
                0x00000b48      0x130 CMakeFiles/modbus_v2.dir/C_/VSARM/sdk/pico/pico-sdk/src/rp2_common/pico_float/float_aeabi.S.obj
 .debug_aranges
                0x00000c78       0x20 CMakeFiles/modbus_v2.dir/C_/VSARM/sdk/pico/pico-sdk/src/rp2_common/pico_float/float_init_rom.c.obj
 .debug_aranges
                0x00000c98       0x50 CMakeFiles/modbus_v2.dir/C_/VSARM/sdk/pico/pico-sdk/src/rp2_common/pico_float/float_v1_rom_shim.S.obj
 .debug_aranges
                0x00000ce8       0x38 CMakeFiles/modbus_v2.dir/C_/VSARM/sdk/pico/pico-sdk/src/rp2_common/pico_mem_ops/mem_ops_aeabi.S.obj
 .debug_aranges
                0x00000d20       0x28 CMakeFiles/modbus_v2.dir/C_/VSARM/sdk/pico/pico-sdk/src/rp2_common/pico_standard_link/crt0.S.obj
 .debug_aranges